Component: ARM Compiler 5.06 update 7 (build 960) Tool: armlink [4d3601]

==============================================================================

Section Cross References

    startup_stm32f103xe.o(RESET) refers to startup_stm32f103xe.o(STACK) for __initial_sp
    startup_stm32f103xe.o(RESET) refers to startup_stm32f103xe.o(.text) for Reset_Handler
    startup_stm32f103xe.o(RESET) refers to stm32f1xx_it.o(i.NMI_Handler) for NMI_Handler
    startup_stm32f103xe.o(RESET) refers to stm32f1xx_it.o(i.HardFault_Handler) for HardFault_Handler
    startup_stm32f103xe.o(RESET) refers to stm32f1xx_it.o(i.MemManage_Handler) for MemManage_Handler
    startup_stm32f103xe.o(RESET) refers to stm32f1xx_it.o(i.BusFault_Handler) for BusFault_Handler
    startup_stm32f103xe.o(RESET) refers to stm32f1xx_it.o(i.UsageFault_Handler) for UsageFault_Handler
    startup_stm32f103xe.o(RESET) refers to stm32f1xx_it.o(i.SVC_Handler) for SVC_Handler
    startup_stm32f103xe.o(RESET) refers to stm32f1xx_it.o(i.DebugMon_Handler) for DebugMon_Handler
    startup_stm32f103xe.o(RESET) refers to stm32f1xx_it.o(i.PendSV_Handler) for PendSV_Handler
    startup_stm32f103xe.o(RESET) refers to stm32f1xx_it.o(i.SysTick_Handler) for SysTick_Handler
    startup_stm32f103xe.o(RESET) refers to stm32f1xx_it.o(i.USART1_IRQHandler) for USART1_IRQHandler
    startup_stm32f103xe.o(.text) refers to system_stm32f1xx.o(i.SystemInit) for SystemInit
    startup_stm32f103xe.o(.text) refers to entry.o(.ARM.Collect$$$$00000000) for __main
    gpio_iic.o(i.IIC_Ack) refers to gpio_iic.o(i.my_IIC_SCL) for my_IIC_SCL
    gpio_iic.o(i.IIC_Ack) refers to gpio_iic.o(i.my_SDA_OUT) for my_SDA_OUT
    gpio_iic.o(i.IIC_Ack) refers to gpio_iic.o(i.my_IIC_SDA) for my_IIC_SDA
    gpio_iic.o(i.IIC_Ack) refers to delay.o(i.delay_us) for delay_us
    gpio_iic.o(i.IIC_Init) refers to printfa.o(i.__0printf) for __2printf
    gpio_iic.o(i.IIC_Init) refers to gpio_iic.o(i.my_SDA_IN) for my_SDA_IN
    gpio_iic.o(i.IIC_Init) refers to gpio_iic.o(i.my_SDA_OUT) for my_SDA_OUT
    gpio_iic.o(i.IIC_NAck) refers to gpio_iic.o(i.my_IIC_SCL) for my_IIC_SCL
    gpio_iic.o(i.IIC_NAck) refers to gpio_iic.o(i.my_SDA_OUT) for my_SDA_OUT
    gpio_iic.o(i.IIC_NAck) refers to gpio_iic.o(i.my_IIC_SDA) for my_IIC_SDA
    gpio_iic.o(i.IIC_NAck) refers to delay.o(i.delay_us) for delay_us
    gpio_iic.o(i.IIC_Read_Byte) refers to gpio_iic.o(i.my_SDA_IN) for my_SDA_IN
    gpio_iic.o(i.IIC_Read_Byte) refers to gpio_iic.o(i.my_IIC_SCL) for my_IIC_SCL
    gpio_iic.o(i.IIC_Read_Byte) refers to delay.o(i.delay_us) for delay_us
    gpio_iic.o(i.IIC_Read_Byte) refers to gpio_iic.o(i.my_READ_SDA) for my_READ_SDA
    gpio_iic.o(i.IIC_Read_Byte) refers to gpio_iic.o(i.IIC_Ack) for IIC_Ack
    gpio_iic.o(i.IIC_Read_Byte) refers to gpio_iic.o(i.IIC_NAck) for IIC_NAck
    gpio_iic.o(i.IIC_Read_One_Byte) refers to gpio_iic.o(i.IIC_Start) for IIC_Start
    gpio_iic.o(i.IIC_Read_One_Byte) refers to gpio_iic.o(i.IIC_Send_Byte) for IIC_Send_Byte
    gpio_iic.o(i.IIC_Read_One_Byte) refers to gpio_iic.o(i.IIC_Wait_Ack) for IIC_Wait_Ack
    gpio_iic.o(i.IIC_Read_One_Byte) refers to gpio_iic.o(i.IIC_Read_Byte) for IIC_Read_Byte
    gpio_iic.o(i.IIC_Read_One_Byte) refers to gpio_iic.o(i.IIC_Stop) for IIC_Stop
    gpio_iic.o(i.IIC_Send_Byte) refers to gpio_iic.o(i.my_SDA_OUT) for my_SDA_OUT
    gpio_iic.o(i.IIC_Send_Byte) refers to gpio_iic.o(i.my_IIC_SCL) for my_IIC_SCL
    gpio_iic.o(i.IIC_Send_Byte) refers to gpio_iic.o(i.my_IIC_SDA) for my_IIC_SDA
    gpio_iic.o(i.IIC_Send_Byte) refers to delay.o(i.delay_us) for delay_us
    gpio_iic.o(i.IIC_Start) refers to gpio_iic.o(i.my_SDA_OUT) for my_SDA_OUT
    gpio_iic.o(i.IIC_Start) refers to gpio_iic.o(i.my_IIC_SDA) for my_IIC_SDA
    gpio_iic.o(i.IIC_Start) refers to gpio_iic.o(i.my_IIC_SCL) for my_IIC_SCL
    gpio_iic.o(i.IIC_Start) refers to delay.o(i.delay_us) for delay_us
    gpio_iic.o(i.IIC_Stop) refers to gpio_iic.o(i.my_SDA_OUT) for my_SDA_OUT
    gpio_iic.o(i.IIC_Stop) refers to gpio_iic.o(i.my_IIC_SCL) for my_IIC_SCL
    gpio_iic.o(i.IIC_Stop) refers to gpio_iic.o(i.my_IIC_SDA) for my_IIC_SDA
    gpio_iic.o(i.IIC_Stop) refers to delay.o(i.delay_us) for delay_us
    gpio_iic.o(i.IIC_Wait_Ack) refers to gpio_iic.o(i.my_SDA_IN) for my_SDA_IN
    gpio_iic.o(i.IIC_Wait_Ack) refers to gpio_iic.o(i.my_IIC_SDA) for my_IIC_SDA
    gpio_iic.o(i.IIC_Wait_Ack) refers to delay.o(i.delay_us) for delay_us
    gpio_iic.o(i.IIC_Wait_Ack) refers to gpio_iic.o(i.my_IIC_SCL) for my_IIC_SCL
    gpio_iic.o(i.IIC_Wait_Ack) refers to gpio_iic.o(i.IIC_Stop) for IIC_Stop
    gpio_iic.o(i.IIC_Wait_Ack) refers to gpio_iic.o(i.my_READ_SDA) for my_READ_SDA
    gpio_iic.o(i.IIC_Write_One_Byte) refers to gpio_iic.o(i.IIC_Start) for IIC_Start
    gpio_iic.o(i.IIC_Write_One_Byte) refers to gpio_iic.o(i.IIC_Send_Byte) for IIC_Send_Byte
    gpio_iic.o(i.IIC_Write_One_Byte) refers to gpio_iic.o(i.IIC_Wait_Ack) for IIC_Wait_Ack
[...]
    Removing stm32f1xx_hal_i2c.o(i.I2C_MasterRequestWrite), (156 bytes).
    Removing stm32f1xx_hal_i2c.o(i.I2C_MasterTransmit_BTF), (116 bytes).
    Removing stm32f1xx_hal_i2c.o(i.I2C_MasterTransmit_TXE), (182 bytes).
    Removing stm32f1xx_hal_i2c.o(i.I2C_Master_ADDR), (344 bytes).
    Removing stm32f1xx_hal_i2c.o(i.I2C_Master_SB), (140 bytes).
    Removing stm32f1xx_hal_i2c.o(i.I2C_MemoryTransmit_TXE_BTF), (160 bytes).
    Removing stm32f1xx_hal_i2c.o(i.I2C_RequestMemoryRead), (252 bytes).
    Removing stm32f1xx_hal_i2c.o(i.I2C_RequestMemoryWrite), (168 bytes).
    Removing stm32f1xx_hal_i2c.o(i.I2C_Slave_AF), (132 bytes).
    Removing stm32f1xx_hal_i2c.o(i.I2C_Slave_STOPF), (348 bytes).
    Removing stm32f1xx_hal_i2c.o(i.I2C_WaitOnBTFFlagUntilTimeout), (76 bytes).
    Removing stm32f1xx_hal_i2c.o(i.I2C_WaitOnFlagUntilTimeout), (104 bytes).
    Removing stm32f1xx_hal_i2c.o(i.I2C_WaitOnMasterAddressFlagUntilTimeout), (150 bytes).
    Removing stm32f1xx_hal_i2c.o(i.I2C_WaitOnRXNEFlagUntilTimeout), (102 bytes).
    Removing stm32f1xx_hal_i2c.o(i.I2C_WaitOnTXEFlagUntilTimeout), (76 bytes).
    Removing stm32f1xx_hal.o(.rev16_text), (4 bytes).
    Removing stm32f1xx_hal.o(.revsh_text), (4 bytes).
    Removing stm32f1xx_hal.o(.rrx_text), (6 bytes).
    Removing stm32f1xx_hal.o(i.HAL_DBGMCU_DisableDBGSleepMode), (16 bytes).
    Removing stm32f1xx_hal.o(i.HAL_DBGMCU_DisableDBGStandbyMode), (16 bytes).
    Removing stm32f1xx_hal.o(i.HAL_DBGMCU_DisableDBGStopMode), (16 bytes).
    Removing stm32f1xx_hal.o(i.HAL_DBGMCU_EnableDBGSleepMode), (16 bytes).
    Removing stm32f1xx_hal.o(i.HAL_DBGMCU_EnableDBGStandbyMode), (16 bytes).
    Removing stm32f1xx_hal.o(i.HAL_DBGMCU_EnableDBGStopMode), (16 bytes).
    Removing stm32f1xx_hal.o(i.HAL_DeInit), (32 bytes).
    Removing stm32f1xx_hal.o(i.HAL_Delay), (36 bytes).
    Removing stm32f1xx_hal.o(i.HAL_GetDEVID), (16 bytes).
    Removing stm32f1xx_hal.o(i.HAL_GetHalVersion), (8 bytes).
    Removing stm32f1xx_hal.o(i.HAL_GetREVID), (12 bytes).
    Removing stm32f1xx_hal.o(i.HAL_GetTickFreq), (12 bytes).
    Removing stm32f1xx_hal.o(i.HAL_GetTickPrio), (12 bytes).
    Removing stm32f1xx_hal.o(i.HAL_GetUIDw0), (12 bytes).
    Removing stm32f1xx_hal.o(i.HAL_GetUIDw1), (12 bytes).
    Removing stm32f1xx_hal.o(i.HAL_GetUIDw2), (12 bytes).
    Removing stm32f1xx_hal.o(i.HAL_MspDeInit), (2 bytes).
    Removing stm32f1xx_hal.o(i.HAL_MspInit), (2 bytes).
    Removing stm32f1xx_hal.o(i.HAL_ResumeTick), (14 bytes).
    Removing stm32f1xx_hal.o(i.HAL_SetTickFreq), (36 bytes).
    Removing stm32f1xx_hal.o(i.HAL_SuspendTick), (14 bytes).
    Removing stm32f1xx_hal_rcc.o(.rev16_text), (4 bytes).
    Removing stm32f1xx_hal_rcc.o(.revsh_text), (4 bytes).
    Removing stm32f1xx_hal_rcc.o(.rrx_text), (6 bytes).
    Removing stm32f1xx_hal_rcc.o(i.HAL_RCC_CSSCallback), (2 bytes).
    Removing stm32f1xx_hal_rcc.o(i.HAL_RCC_DeInit), (220 bytes).
    Removing stm32f1xx_hal_rcc.o(i.HAL_RCC_DisableCSS), (12 bytes).
    Removing stm32f1xx_hal_rcc.o(i.HAL_RCC_EnableCSS), (12 bytes).
    Removing stm32f1xx_hal_rcc.o(i.HAL_RCC_GetClockConfig), (64 bytes).
    Removing stm32f1xx_hal_rcc.o(i.HAL_RCC_GetHCLKFreq), (12 bytes).
    Removing stm32f1xx_hal_rcc.o(i.HAL_RCC_GetOscConfig), (144 bytes).
    Removing stm32f1xx_hal_rcc.o(i.HAL_RCC_MCOConfig), (72 bytes).
    Removing stm32f1xx_hal_rcc.o(i.HAL_RCC_NMI_IRQHandler), (24 bytes).
    Removing stm32f1xx_hal_rcc_ex.o(.rev16_text), (4 bytes).
    Removing stm32f1xx_hal_rcc_ex.o(.revsh_text), (4 bytes).
    Removing stm32f1xx_hal_rcc_ex.o(.rrx_text), (6 bytes).
    Removing stm32f1xx_hal_rcc_ex.o(i.HAL_RCCEx_GetPeriphCLKConfig), (52 bytes).
    Removing stm32f1xx_hal_rcc_ex.o(i.HAL_RCCEx_GetPeriphCLKFreq), (216 bytes).
    Removing stm32f1xx_hal_rcc_ex.o(i.HAL_RCCEx_PeriphCLKConfig), (236 bytes).
    Removing stm32f1xx_hal_gpio.o(.rev16_text), (4 bytes).
    Removing stm32f1xx_hal_gpio.o(.revsh_text), (4 bytes).
    Removing stm32f1xx_hal_gpio.o(.rrx_text), (6 bytes).
    Removing stm32f1xx_hal_gpio.o(i.HAL_GPIO_DeInit), (288 bytes).
    Removing stm32f1xx_hal_gpio.o(i.HAL_GPIO_EXTI_Callback), (2 bytes).
    Removing stm32f1xx_hal_gpio.o(i.HAL_GPIO_EXTI_IRQHandler), (24 bytes).
    Removing stm32f1xx_hal_gpio.o(i.HAL_GPIO_LockPin), (34 bytes).
    Removing stm32f1xx_hal_gpio.o(i.HAL_GPIO_TogglePin), (16 bytes).
    Removing stm32f1xx_hal_dma.o(.rev16_text), (4 bytes).
    Removing stm32f1xx_hal_dma.o(.revsh_text), (4 bytes).
    Removing stm32f1xx_hal_dma.o(.rrx_text), (6 bytes).
    Removing stm32f1xx_hal_dma.o(i.DMA_SetConfig), (42 bytes).
    Removing stm32f1xx_hal_dma.o(i.HAL_DMA_Abort), (70 bytes).
    Removing stm32f1xx_hal_dma.o(i.HAL_DMA_DeInit), (128 bytes).
    Removing stm32f1xx_hal_dma.o(i.HAL_DMA_GetError), (4 bytes).
    Removing stm32f1xx_hal_dma.o(i.HAL_DMA_GetState), (6 bytes).
    Removing stm32f1xx_hal_dma.o(i.HAL_DMA_IRQHandler), (584 bytes).
    Removing stm32f1xx_hal_dma.o(i.HAL_DMA_Init), (124 bytes).
    Removing stm32f1xx_hal_dma.o(i.HAL_DMA_PollForTransfer), (988 bytes).
    Removing stm32f1xx_hal_dma.o(i.HAL_DMA_RegisterCallback), (74 bytes).
    Removing stm32f1xx_hal_dma.o(i.HAL_DMA_Start), (80 bytes).
    Removing stm32f1xx_hal_dma.o(i.HAL_DMA_Start_IT), (112 bytes).
    Removing stm32f1xx_hal_dma.o(i.HAL_DMA_UnRegisterCallback), (82 bytes).
    Removing stm32f1xx_hal_cortex.o(.rev16_text), (4 bytes).
    Removing stm32f1xx_hal_cortex.o(.revsh_text), (4 bytes).
    Removing stm32f1xx_hal_cortex.o(.rrx_text), (6 bytes).
    Removing stm32f1xx_hal_cortex.o(i.HAL_NVIC_ClearPendingIRQ), (26 bytes).
    Removing stm32f1xx_hal_cortex.o(i.HAL_NVIC_DisableIRQ), (34 bytes).
    Removing stm32f1xx_hal_cortex.o(i.HAL_NVIC_GetActive), (36 bytes).
    Removing stm32f1xx_hal_cortex.o(i.HAL_NVIC_GetPendingIRQ), (36 bytes).
    Removing stm32f1xx_hal_cortex.o(i.HAL_NVIC_GetPriority), (82 bytes).
    Removing stm32f1xx_hal_cortex.o(i.HAL_NVIC_GetPriorityGrouping), (16 bytes).
    Removing stm32f1xx_hal_cortex.o(i.HAL_NVIC_SetPendingIRQ), (26 bytes).
    Removing stm32f1xx_hal_cortex.o(i.HAL_NVIC_SystemReset), (36 bytes).
    Removing stm32f1xx_hal_cortex.o(i.HAL_SYSTICK_Callback), (2 bytes).
    Removing stm32f1xx_hal_cortex.o(i.HAL_SYSTICK_IRQHandler), (8 bytes).
    Removing stm32f1xx_hal_pwr.o(.rev16_text), (4 bytes).
    Removing stm32f1xx_hal_pwr.o(.revsh_text), (4 bytes).
    Removing stm32f1xx_hal_pwr.o(.rrx_text), (6 bytes).
    Removing stm32f1xx_hal_pwr.o(i.HAL_PWR_ConfigPVD), (124 bytes).
    Removing stm32f1xx_hal_pwr.o(i.HAL_PWR_DeInit), (24 bytes).
    Removing stm32f1xx_hal_pwr.o(i.HAL_PWR_DisableBkUpAccess), (12 bytes).
    Removing stm32f1xx_hal_pwr.o(i.HAL_PWR_DisablePVD), (12 bytes).
    Removing stm32f1xx_hal_pwr.o(i.HAL_PWR_DisableSEVOnPend), (16 bytes).
    Removing stm32f1xx_hal_pwr.o(i.HAL_PWR_DisableSleepOnExit), (16 bytes).
    Removing stm32f1xx_hal_pwr.o(i.HAL_PWR_DisableWakeUpPin), (28 bytes).
    Removing stm32f1xx_hal_pwr.o(i.HAL_PWR_EnableBkUpAccess), (12 bytes).
    Removing stm32f1xx_hal_pwr.o(i.HAL_PWR_EnablePVD), (12 bytes).
    Removing stm32f1xx_hal_pwr.o(i.HAL_PWR_EnableSEVOnPend), (16 bytes).
    Removing stm32f1xx_hal_pwr.o(i.HAL_PWR_EnableSleepOnExit), (16 bytes).
    Removing stm32f1xx_hal_pwr.o(i.HAL_PWR_EnableWakeUpPin), (28 bytes).
    Removing stm32f1xx_hal_pwr.o(i.HAL_PWR_EnterSLEEPMode), (32 bytes).
    Removing stm32f1xx_hal_pwr.o(i.HAL_PWR_EnterSTANDBYMode), (32 bytes).
    Removing stm32f1xx_hal_pwr.o(i.HAL_PWR_EnterSTOPMode), (68 bytes).
    Removing stm32f1xx_hal_pwr.o(i.HAL_PWR_PVDCallback), (2 bytes).
    Removing stm32f1xx_hal_pwr.o(i.HAL_PWR_PVD_IRQHandler), (28 bytes).
    Removing stm32f1xx_hal_pwr.o(i.PWR_OverloadWfe), (6 bytes).
    Removing stm32f1xx_hal_flash.o(.rev16_text), (4 bytes).
    Removing stm32f1xx_hal_flash.o(.revsh_text), (4 bytes).
    Removing stm32f1xx_hal_flash.o(.rrx_text), (6 bytes).
    Removing stm32f1xx_hal_flash.o(i.FLASH_Program_HalfWord), (28 bytes).
    Removing stm32f1xx_hal_flash.o(i.FLASH_SetErrorCode), (92 bytes).
    Removing stm32f1xx_hal_flash.o(i.FLASH_WaitForLastOperation), (84 bytes).
    Removing stm32f1xx_hal_flash.o(i.HAL_FLASH_EndOfOperationCallback), (2 bytes).
    Removing stm32f1xx_hal_flash.o(i.HAL_FLASH_GetError), (12 bytes).
    Removing stm32f1xx_hal_flash.o(i.HAL_FLASH_IRQHandler), (264 bytes).
    Removing stm32f1xx_hal_flash.o(i.HAL_FLASH_Lock), (20 bytes).
    Removing stm32f1xx_hal_flash.o(i.HAL_FLASH_OB_Launch), (4 bytes).
    Removing stm32f1xx_hal_flash.o(i.HAL_FLASH_OB_Lock), (20 bytes).
    Removing stm32f1xx_hal_flash.o(i.HAL_FLASH_OB_Unlock), (36 bytes).
    Removing stm32f1xx_hal_flash.o(i.HAL_FLASH_OperationErrorCallback), (2 bytes).
    Removing stm32f1xx_hal_flash.o(i.HAL_FLASH_Program), (128 bytes).
    Removing stm32f1xx_hal_flash.o(i.HAL_FLASH_Program_IT), (100 bytes).
    Removing stm32f1xx_hal_flash.o(i.HAL_FLASH_Unlock), (40 bytes).
    Removing stm32f1xx_hal_flash.o(.bss), (32 bytes).
    Removing stm32f1xx_hal_flash_ex.o(.rev16_text), (4 bytes).
    Removing stm32f1xx_hal_flash_ex.o(.revsh_text), (4 bytes).
    Removing stm32f1xx_hal_flash_ex.o(.rrx_text), (6 bytes).
    Removing stm32f1xx_hal_flash_ex.o(i.FLASH_MassErase), (36 bytes).
    Removing stm32f1xx_hal_flash_ex.o(i.FLASH_OB_DisableWRP), (176 bytes).
    Removing stm32f1xx_hal_flash_ex.o(i.FLASH_OB_EnableWRP), (176 bytes).
    Removing stm32f1xx_hal_flash_ex.o(i.FLASH_OB_GetRDP), (24 bytes).
    Removing stm32f1xx_hal_flash_ex.o(i.FLASH_OB_RDP_LevelConfig), (100 bytes).
    Removing stm32f1xx_hal_flash_ex.o(i.FLASH_PageErase), (36 bytes).
    Removing stm32f1xx_hal_flash_ex.o(i.HAL_FLASHEx_Erase), (168 bytes).
    Removing stm32f1xx_hal_flash_ex.o(i.HAL_FLASHEx_Erase_IT), (84 bytes).
    Removing stm32f1xx_hal_flash_ex.o(i.HAL_FLASHEx_OBErase), (84 bytes).
    Removing stm32f1xx_hal_flash_ex.o(i.HAL_FLASHEx_OBGetConfig), (36 bytes).
    Removing stm32f1xx_hal_flash_ex.o(i.HAL_FLASHEx_OBGetUserData), (32 bytes).
    Removing stm32f1xx_hal_flash_ex.o(i.HAL_FLASHEx_OBProgram), (200 bytes).
    Removing stm32f1xx_hal_exti.o(.rev16_text), (4 bytes).
    Removing stm32f1xx_hal_exti.o(.revsh_text), (4 bytes).
    Removing stm32f1xx_hal_exti.o(.rrx_text), (6 bytes).
    Removing stm32f1xx_hal_exti.o(i.HAL_EXTI_ClearConfigLine), (104 bytes).
    Removing stm32f1xx_hal_exti.o(i.HAL_EXTI_ClearPending), (20 bytes).
    Removing stm32f1xx_hal_exti.o(i.HAL_EXTI_GenerateSWI), (20 bytes).
    Removing stm32f1xx_hal_exti.o(i.HAL_EXTI_GetConfigLine), (152 bytes).
    Removing stm32f1xx_hal_exti.o(i.HAL_EXTI_GetHandle), (12 bytes).
    Removing stm32f1xx_hal_exti.o(i.HAL_EXTI_GetPending), (24 bytes).
    Removing stm32f1xx_hal_exti.o(i.HAL_EXTI_IRQHandler), (36 bytes).
    Removing stm32f1xx_hal_exti.o(i.HAL_EXTI_RegisterCallback), (14 bytes).
    Removing stm32f1xx_hal_exti.o(i.HAL_EXTI_SetConfigLine), (164 bytes).
    Removing stm32f1xx_hal_tim.o(.rev16_text), (4 bytes).
    Removing stm32f1xx_hal_tim.o(.revsh_text), (4 bytes).
    Removing stm32f1xx_hal_tim.o(.rrx_text), (6 bytes).
    Removing stm32f1xx_hal_tim_ex.o(.rev16_text), (4 bytes).
    Removing stm32f1xx_hal_tim_ex.o(.revsh_text), (4 bytes).
    Removing stm32f1xx_hal_tim_ex.o(.rrx_text), (6 bytes).
    Removing stm32f1xx_hal_uart.o(.rev16_text), (4 bytes).
    Removing stm32f1xx_hal_uart.o(.revsh_text), (4 bytes).
    Removing stm32f1xx_hal_uart.o(.rrx_text), (6 bytes).
    Removing stm32f1xx_hal_uart.o(i.HAL_HalfDuplex_EnableReceiver), (50 bytes).
    Removing stm32f1xx_hal_uart.o(i.HAL_HalfDuplex_EnableTransmitter), (50 bytes).
    Removing stm32f1xx_hal_uart.o(i.HAL_HalfDuplex_Init), (108 bytes).
    Removing stm32f1xx_hal_uart.o(i.HAL_LIN_Init), (128 bytes).
    Removing stm32f1xx_hal_uart.o(i.HAL_LIN_SendBreak), (46 bytes).
    Removing stm32f1xx_hal_uart.o(i.HAL_MultiProcessor_EnterMuteMode), (46 bytes).
    Removing stm32f1xx_hal_uart.o(i.HAL_MultiProcessor_ExitMuteMode), (46 bytes).
    Removing stm32f1xx_hal_uart.o(i.HAL_MultiProcessor_Init), (142 bytes).
    Removing stm32f1xx_hal_uart.o(i.HAL_UART_Abort), (138 bytes).
    Removing stm32f1xx_hal_uart.o(i.HAL_UART_AbortCpltCallback), (2 bytes).
    Removing stm32f1xx_hal_uart.o(i.HAL_UART_AbortReceive), (88 bytes).
    Removing stm32f1xx_hal_uart.o(i.HAL_UART_AbortReceiveCpltCallback), (2 bytes).
    Removing stm32f1xx_hal_uart.o(i.HAL_UART_AbortReceive_IT), (92 bytes).
    Removing stm32f1xx_hal_uart.o(i.HAL_UART_AbortTransmit), (78 bytes).
    Removing stm32f1xx_hal_uart.o(i.HAL_UART_AbortTransmitCpltCallback), (2 bytes).
    Removing stm32f1xx_hal_uart.o(i.HAL_UART_AbortTransmit_IT), (84 bytes).
    Removing stm32f1xx_hal_uart.o(i.HAL_UART_Abort_IT), (172 bytes).
    Removing stm32f1xx_hal_uart.o(i.HAL_UART_DMAPause), (102 bytes).
    Removing stm32f1xx_hal_uart.o(i.HAL_UART_DMAResume), (94 bytes).
    Removing stm32f1xx_hal_uart.o(i.HAL_UART_DMAStop), (88 bytes).
    Removing stm32f1xx_hal_uart.o(i.HAL_UART_DeInit), (50 bytes).
    Removing stm32f1xx_hal_uart.o(i.HAL_UART_GetError), (4 bytes).
    Removing stm32f1xx_hal_uart.o(i.HAL_UART_GetState), (10 bytes).
    Removing stm32f1xx_hal_uart.o(i.HAL_UART_MspDeInit), (2 bytes).
    Removing stm32f1xx_hal_uart.o(i.HAL_UART_MspInit), (2 bytes).
    Removing stm32f1xx_hal_uart.o(i.HAL_UART_Receive), (188 bytes).
    Removing stm32f1xx_hal_uart.o(i.HAL_UART_Receive_DMA), (152 bytes).
    Removing stm32f1xx_hal_uart.o(i.HAL_UART_Receive_IT), (82 bytes).
    Removing stm32f1xx_hal_uart.o(i.HAL_UART_RxHalfCpltCallback), (2 bytes).
    Removing stm32f1xx_hal_uart.o(i.HAL_UART_Transmit_DMA), (128 bytes).
    Removing stm32f1xx_hal_uart.o(i.HAL_UART_Transmit_IT), (62 bytes).
    Removing stm32f1xx_hal_uart.o(i.HAL_UART_TxHalfCpltCallback), (2 bytes).
    Removing stm32f1xx_hal_uart.o(i.UART_DMAError), (74 bytes).
    Removing stm32f1xx_hal_uart.o(i.UART_DMAReceiveCplt), (60 bytes).
    Removing stm32f1xx_hal_uart.o(i.UART_DMARxAbortCallback), (42 bytes).
    Removing stm32f1xx_hal_uart.o(i.UART_DMARxHalfCplt), (10 bytes).
    Removing stm32f1xx_hal_uart.o(i.UART_DMARxOnlyAbortCallback), (20 bytes).
    Removing stm32f1xx_hal_uart.o(i.UART_DMATransmitCplt), (46 bytes).
    Removing stm32f1xx_hal_uart.o(i.UART_DMATxAbortCallback), (42 bytes).
    Removing stm32f1xx_hal_uart.o(i.UART_DMATxHalfCplt), (10 bytes).
    Removing stm32f1xx_hal_uart.o(i.UART_DMATxOnlyAbortCallback), (20 bytes).
    Removing stm32f1xx_hal_uart.o(i.UART_EndTxTransfer), (18 bytes).
    Removing system_stm32f1xx.o(.rev16_text), (4 bytes).
    Removing system_stm32f1xx.o(.revsh_text), (4 bytes).
    Removing system_stm32f1xx.o(.rrx_text), (6 bytes).
    Removing system_stm32f1xx.o(i.SystemCoreClockUpdate), (120 bytes).
    Removing sht20.o(.rev16_text), (4 bytes).
    Removing sht20.o(.revsh_text), (4 bytes).
    Removing sht20.o(.rrx_text), (6 bytes).
    Removing sht20.o(i.SHT20_Config), (52 bytes).
    Removing sht20.o(i.SHT20_GetHumidity), (112 bytes).
    Removing sht20.o(i.SHT20_GetTemperature), (120 bytes).
    Removing sht20.o(i.SHT20_Init), (116 bytes).
    Removing sht20.o(i.SHT20_Read_Reg), (60 bytes).
    Removing sht20.o(i.SHT20_SoftReset), (68 bytes).
    Removing adxl345.o(.rev16_text), (4 bytes).
    Removing adxl345.o(.revsh_text), (4 bytes).
    Removing adxl345.o(.rrx_text), (6 bytes).
    Removing adxl345.o(i.ADXL345_GetValue), (444 bytes).
    Removing adxl345.o(i.ADXL345_Init), (900 bytes).
    Removing adxl345.o(.bss), (20 bytes).
    Removing bh1750.o(.rev16_text), (4 bytes).
    Removing bh1750.o(.revsh_text), (4 bytes).
    Removing bh1750.o(.rrx_text), (6 bytes).
    Removing bh1750.o(i.BH1750_test), (24 bytes).
    Removing bh1750.o(i.Cmd_Write_BH1750), (52 bytes).
    Removing bh1750.o(i.Convert_BH1750), (96 bytes).
    Removing bh1750.o(i.Read_BH1750), (68 bytes).
    Removing bh1750.o(i.Start_BH1750), (24 bytes).
    Removing bh1750.o(.data), (12 bytes).
    Removing bh1750.o(.data), (2 bytes).
    Removing bmp180.o(.rev16_text), (4 bytes).
    Removing bmp180.o(.revsh_text), (4 bytes).
    Removing bmp180.o(.rrx_text), (6 bytes).
    Removing ffltui.o(.text), (10 bytes).
    Removing dfltui.o(.text), (26 bytes).
    Removing cdcmple.o(.text), (48 bytes).

337 unused section(s) (total 26760 bytes) removed from the image.

==============================================================================

Image Symbol Table

    Local Symbols

    Symbol Name                              Value     Ov Type        Size  Object(Section)

    ../Core/Src/gpio.c                       0x00000000   Number         0  gpio.o ABSOLUTE
    ../Core/Src/i2c.c                        0x00000000   Number         0  i2c.o ABSOLUTE
    ../Core/Src/main.c                       0x00000000   Number         0  main.o ABSOLUTE
    ../Core/Src/stm32f1xx_hal_msp.c          0x00000000   Number         0  stm32f1xx_hal_msp.o ABSOLUTE
    ../Core/Src/stm32f1xx_it.c               0x00000000   Number         0  stm32f1xx_it.o ABSOLUTE
    ../Core/Src/system_stm32f1xx.c           0x00000000   Number         0  system_stm32f1xx.o ABSOLUTE
    ../Core/Src/usart.c                      0x00000000   Number         0  usart.o ABSOLUTE
    ../Drivers/STM32F1xx_HAL_Driver/Src/stm32f1xx_hal.c 0x00000000   Number         0  stm32f1xx_hal.o ABSOLUTE
    ../Drivers/STM32F1xx_HAL_Driver/Src/stm32f1xx_hal_cortex.c 0x00000000   Number         0  stm32f1xx_hal_cortex.o ABSOLUTE
    ../Drivers/STM32F1xx_HAL_Driver/Src/stm32f1xx_hal_dma.c 0x00000000   Number         0  stm32f1xx_hal_dma.o ABSOLUTE
    ../Drivers/STM32F1xx_HAL_Driver/Src/stm32f1xx_hal_exti.c 0x00000000   Number         0  stm32f1xx_hal_exti.o ABSOLUTE
    ../Drivers/STM32F1xx_HAL_Driver/Src/stm32f1xx_hal_flash.c 0x00000000   Number         0  stm32f1xx_hal_flash.o ABSOLUTE
    ../Drivers/STM32F1xx_HAL_Driver/Src/stm32f1xx_hal_flash_ex.c 0x00000000   Number         0  stm32f1xx_hal_flash_ex.o ABSOLUTE
    ../Drivers/STM32F1xx_HAL_Driver/Src/stm32f1xx_hal_gpio.c 0x00000000   Number         0  stm32f1xx_hal_gpio.o ABSOLUTE
    ../Drivers/STM32F1xx_HAL_Driver/Src/stm32f1xx_hal_gpio_ex.c 0x00000000   Number         0  stm32f1xx_hal_gpio_ex.o ABSOLUTE
    ../Drivers/STM32F1xx_HAL_Driver/Src/stm32f1xx_hal_i2c.c 0x00000000   Number         0  stm32f1xx_hal_i2c.o ABSOLUTE
    ../Drivers/STM32F1xx_HAL_Driver/Src/stm32f1xx_hal_pwr.c 0x00000000   Number         0  stm32f1xx_hal_pwr.o ABSOLUTE
    ../Drivers/STM32F1xx_HAL_Driver/Src/stm32f1xx_hal_rcc.c 0x00000000   Number         0  stm32f1xx_hal_rcc.o ABSOLUTE
    ../Drivers/STM32F1xx_HAL_Driver/Src/stm32f1xx_hal_rcc_ex.c 0x00000000   Number         0  stm32f1xx_hal_rcc_ex.o ABSOLUTE
    ../Drivers/STM32F1xx_HAL_Driver/Src/stm32f1xx_hal_tim.c 0x00000000   Number         0  stm32f1xx_hal_tim.o ABSOLUTE
    ../Drivers/STM32F1xx_HAL_Driver/Src/stm32f1xx_hal_tim_ex.c 0x00000000   Number         0  stm32f1xx_hal_tim_ex.o ABSOLUTE
    ../Drivers/STM32F1xx_HAL_Driver/Src/stm32f1xx_hal_uart.c 0x00000000   Number         0  stm32f1xx_hal_uart.o ABSOLUTE
    ../clib/microlib/division.c              0x00000000   Number         0  uidiv.o ABSOLUTE
    ../clib/microlib/division.c              0x00000000   Number         0  uldiv.o ABSOLUTE
    ../clib/microlib/errno.c                 0x00000000   Number         0  errno.o ABSOLUTE
    ../clib/microlib/init/entry.s            0x00000000   Number         0  entry12b.o ABSOLUTE
    ../clib/microlib/init/entry.s            0x00000000   Number         0  entry8a.o ABSOLUTE
    ../clib/microlib/init/entry.s            0x00000000   Number         0  entry.o ABSOLUTE
    ../clib/microlib/init/entry.s            0x00000000   Number         0  entry12a.o ABSOLUTE
    ../clib/microlib/init/entry.s            0x00000000   Number         0  entry11b.o ABSOLUTE
    ../clib/microlib/init/entry.s            0x00000000   Number         0  entry10b.o ABSOLUTE
    ../clib/microlib/init/entry.s            0x00000000   Number         0  entry10a.o ABSOLUTE
    ../clib/microlib/init/entry.s            0x00000000   Number         0  entry9b.o ABSOLUTE
    ../clib/microlib/init/entry.s            0x00000000   Number         0  entry9a.o ABSOLUTE
    ../clib/microlib/init/entry.s            0x00000000   Number         0  entry8b.o ABSOLUTE
    ../clib/microlib/init/entry.s            0x00000000   Number         0  entry7b.o ABSOLUTE
    ../clib/microlib/init/entry.s            0x00000000   Number         0  entry7a.o ABSOLUTE
    ../clib/microlib/init/entry.s            0x00000000   Number         0  entry5.o ABSOLUTE
    ../clib/microlib/init/entry.s            0x00000000   Number         0  entry11a.o ABSOLUTE
    ../clib/microlib/init/entry.s            0x00000000   Number         0  entry2.o ABSOLUTE
    ../clib/microlib/longlong.c              0x00000000   Number         0  llsshr.o ABSOLUTE
    ../clib/microlib/longlong.c              0x00000000   Number         0  llushr.o ABSOLUTE
    ../clib/microlib/longlong.c              0x00000000   Number         0  llshl.o ABSOLUTE
    ../clib/microlib/printf/printf.c         0x00000000   Number         0  printf3.o ABSOLUTE
    ../clib/microlib/printf/printf.c         0x00000000   Number         0  printfa.o ABSOLUTE
    ../clib/microlib/printf/printf.c         0x00000000   Number         0  printf8.o ABSOLUTE
    ../clib/microlib/printf/printf.c         0x00000000   Number         0  printf4.o ABSOLUTE
    ../clib/microlib/printf/printf.c         0x00000000   Number         0  printf1.o ABSOLUTE
    ../clib/microlib/printf/printf.c         0x00000000   Number         0  printf5.o ABSOLUTE
    ../clib/microlib/printf/printf.c         0x00000000   Number         0  printf0.o ABSOLUTE
    ../clib/microlib/printf/printf.c         0x00000000   Number         0  printf2.o ABSOLUTE
    ../clib/microlib/printf/printf.c         0x00000000   Number         0  printf7.o ABSOLUTE
    ../clib/microlib/printf/printf.c         0x00000000   Number         0  printf6.o ABSOLUTE
    ../clib/microlib/printf/printf.c         0x00000000   Number         0  printfb.o ABSOLUTE
    ../clib/microlib/printf/stubs.s          0x00000000   Number         0  stubs.o ABSOLUTE
    ../clib/microlib/stdio/streams.c         0x00000000   Number         0  stdout.o ABSOLUTE
    ../clib/microlib/string/memset.c         0x00000000   Number         0  memseta.o ABSOLUTE
    ../clib/microlib/stubs.s                 0x00000000   Number         0  iusefp.o ABSOLUTE
    ../fplib/microlib/d2f.c                  0x00000000   Number         0  d2f.o ABSOLUTE
    ../fplib/microlib/f2d.c                  0x00000000   Number         0  f2d.o ABSOLUTE
    ../fplib/microlib/fpadd.c                0x00000000   Number         0  dadd.o ABSOLUTE
    ../fplib/microlib/fpdiv.c                0x00000000   Number         0  ddiv.o ABSOLUTE
    ../fplib/microlib/fpepilogue.c           0x00000000   Number         0  fepilogue.o ABSOLUTE
    ../fplib/microlib/fpepilogue.c           0x00000000   Number         0  depilogue.o ABSOLUTE
    ../fplib/microlib/fpfix.c                0x00000000   Number         0  dfixul.o ABSOLUTE
    ../fplib/microlib/fpflt.c                0x00000000   Number         0  dfltui.o ABSOLUTE
    ../fplib/microlib/fpflt.c                0x00000000   Number         0  dflti.o ABSOLUTE
    ../fplib/microlib/fpflt.c                0x00000000   Number         0  ffltui.o ABSOLUTE
    ../fplib/microlib/fpmul.c                0x00000000   Number         0  dmul.o ABSOLUTE
    ../fplib/microlib/fpscalb.c              0x00000000   Number         0  dscalb.o ABSOLUTE
    ../fplib/microlib/fpsqrt.c               0x00000000   Number         0  dsqrt.o ABSOLUTE
    ../mathlib/dunder.c                      0x00000000   Number         0  dunder.o ABSOLUTE
    ../mathlib/fpclassify.c                  0x00000000   Number         0  fpclassify.o ABSOLUTE
    ../mathlib/poly.c                        0x00000000   Number         0  poly.o ABSOLUTE
    ../mathlib/pow.c                         0x00000000   Number         0  pow.o ABSOLUTE
    ../mathlib/pow.c                         0x00000000   Number         0  pow_x.o ABSOLUTE
    ../mathlib/qnan.c                        0x00000000   Number         0  qnan.o ABSOLUTE
    ../mathlib/sqrt.c                        0x00000000   Number         0  sqrt.o ABSOLUTE
    ../mathlib/sqrt.c                        0x00000000   Number         0  sqrt_x.o ABSOLUTE
    ..\Core\Src\ADXL345.c                    0x00000000   Number         0  adxl345.o ABSOLUTE
    ..\Core\Src\BH1750.c                     0x00000000   Number         0  bh1750.o ABSOLUTE
    ..\Core\Src\BMP180.c                     0x00000000   Number         0  bmp180.o ABSOLUTE
    ..\Core\Src\delay.c                      0x00000000   Number         0  delay.o ABSOLUTE
    ..\Core\Src\gpio.c                       0x00000000   Number         0  gpio.o ABSOLUTE
    ..\Core\Src\gpio_iic.c                   0x00000000   Number         0  gpio_iic.o ABSOLUTE
    ..\Core\Src\i2c.c                        0x00000000   Number         0  i2c.o ABSOLUTE
    ..\Core\Src\main.c                       0x00000000   Number         0  main.o ABSOLUTE
    ..\Core\Src\sht20.c                      0x00000000   Number         0  sht20.o ABSOLUTE
    ..\Core\Src\stm32f1xx_hal_msp.c          0x00000000   Number         0  stm32f1xx_hal_msp.o ABSOLUTE
    ..\Core\Src\stm32f1xx_it.c               0x00000000   Number         0  stm32f1xx_it.o ABSOLUTE
    ..\Core\Src\system_stm32f1xx.c           0x00000000   Number         0  system_stm32f1xx.o ABSOLUTE
    ..\Core\Src\usart.c                      0x00000000   Number         0  usart.o ABSOLUTE
    ..\Drivers\STM32F1xx_HAL_Driver\Src\stm32f1xx_hal.c 0x00000000   Number         0  stm32f1xx_hal.o ABSOLUTE
    ..\Drivers\STM32F1xx_HAL_Driver\Src\stm32f1xx_hal_cortex.c 0x00000000   Number         0  stm32f1xx_hal_cortex.o ABSOLUTE
    ..\Drivers\STM32F1xx_HAL_Driver\Src\stm32f1xx_hal_dma.c 0x00000000   Number         0  stm32f1xx_hal_dma.o ABSOLUTE
    ..\Drivers\STM32F1xx_HAL_Driver\Src\stm32f1xx_hal_exti.c 0x00000000   Number         0  stm32f1xx_hal_exti.o ABSOLUTE
    ..\Drivers\STM32F1xx_HAL_Driver\Src\stm32f1xx_hal_flash.c 0x00000000   Number         0  stm32f1xx_hal_flash.o ABSOLUTE
    ..\Drivers\STM32F1xx_HAL_Driver\Src\stm32f1xx_hal_flash_ex.c 0x00000000   Number         0  stm32f1xx_hal_flash_ex.o ABSOLUTE
    ..\Drivers\STM32F1xx_HAL_Driver\Src\stm32f1xx_hal_gpio.c 0x00000000   Number         0  stm32f1xx_hal_gpio.o ABSOLUTE
    ..\Drivers\STM32F1xx_HAL_Driver\Src\stm32f1xx_hal_gpio_ex.c 0x00000000   Number         0  stm32f1xx_hal_gpio_ex.o ABSOLUTE
    ..\Drivers\STM32F1xx_HAL_Driver\Src\stm32f1xx_hal_i2c.c 0x00000000   Number         0  stm32f1xx_hal_i2c.o ABSOLUTE
    ..\Drivers\STM32F1xx_HAL_Driver\Src\stm32f1xx_hal_pwr.c 0x00000000   Number         0  stm32f1xx_hal_pwr.o ABSOLUTE
    ..\Drivers\STM32F1xx_HAL_Driver\Src\stm32f1xx_hal_rcc.c 0x00000000   Number         0  stm32f1xx_hal_rcc.o ABSOLUTE
    ..\Drivers\STM32F1xx_HAL_Driver\Src\stm32f1xx_hal_rcc_ex.c 0x00000000   Number         0  stm32f1xx_hal_rcc_ex.o ABSOLUTE
    ..\Drivers\STM32F1xx_HAL_Driver\Src\stm32f1xx_hal_tim.c 0x00000000   Number         0  stm32f1xx_hal_tim.o ABSOLUTE
    ..\Drivers\STM32F1xx_HAL_Driver\Src\stm32f1xx_hal_tim_ex.c 0x00000000   Number         0  stm32f1xx_hal_tim_ex.o ABSOLUTE
    ..\Drivers\STM32F1xx_HAL_Driver\Src\stm32f1xx_hal_uart.c 0x00000000   Number         0  stm32f1xx_hal_uart.o ABSOLUTE
    ..\\Core\\Src\\ADXL345.c                 0x00000000   Number         0  adxl345.o ABSOLUTE
    ..\\Core\\Src\\BH1750.c                  0x00000000   Number         0  bh1750.o ABSOLUTE
    ..\\Core\\Src\\BMP180.c                  0x00000000   Number         0  bmp180.o ABSOLUTE
    ..\\Core\\Src\\delay.c                   0x00000000   Number         0  delay.o ABSOLUTE
    ..\\Core\\Src\\gpio_iic.c                0x00000000   Number         0  gpio_iic.o ABSOLUTE
    ..\\Core\\Src\\sht20.c                   0x00000000   Number         0  sht20.o ABSOLUTE
    cdcmple.s                                0x00000000   Number         0  cdcmple.o ABSOLUTE
    cdrcmple.s                               0x00000000   Number         0  cdrcmple.o ABSOLUTE
    dc.s                                     0x00000000   Number         0  dc.o ABSOLUTE
    handlers.s                               0x00000000   Number         0  handlers.o ABSOLUTE
    init.s                                   0x00000000   Number         0  init.o ABSOLUTE
    startup_stm32f103xe.s                    0x00000000   Number         0  startup_stm32f103xe.o ABSOLUTE
    RESET                                    0x08000000   Section      304  startup_stm32f103xe.o(RESET)
    .ARM.Collect$$$$00000000                 0x08000130   Section        0  entry.o(.ARM.Collect$$$$00000000)
    .ARM.Collect$$$$00000001                 0x08000130   Section        4  entry2.o(.ARM.Collect$$$$00000001)
    .ARM.Collect$$$$00000004                 0x08000134   Section        4  entry5.o(.ARM.Collect$$$$00000004)
    .ARM.Collect$$$$00000008                 0x08000138   Section        0  entry7b.o(.ARM.Collect$$$$00000008)
    .ARM.Collect$$$$0000000A                 0x08000138   Section        0  entry8b.o(.ARM.Collect$$$$0000000A)
    .ARM.Collect$$$$0000000B                 0x08000138   Section        8  entry9a.o(.ARM.Collect$$$$0000000B)
    .ARM.Collect$$$$0000000E                 0x08000140   Section        4  entry12b.o(.ARM.Collect$$$$0000000E)
    .ARM.Collect$$$$0000000F                 0x08000144   Section        0  entry10a.o(.ARM.Collect$$$$0000000F)
    .ARM.Collect$$$$00000011                 0x08000144   Section        0  entry11a.o(.ARM.Collect$$$$00000011)
    .ARM.Collect$$$$00002712                 0x08000144   Section        4  entry2.o(.ARM.Collect$$$$00002712)
    __lit__00000000                          0x08000144   Data           4  entry2.o(.ARM.Collect$$$$00002712)
    .text                                    0x08000148   Section       36  startup_stm32f103xe.o(.text)
    .text                                    0x0800016c   Section        0  llushr.o(.text)
    .text                                    0x0800018c   Section        0  memseta.o(.text)
    .text                                    0x080001b0   Section        0  dadd.o(.text)
    .text                                    0x080002fe   Section        0  dmul.o(.text)
    .text                                    0x080003e2   Section        0  ddiv.o(.text)
    .text                                    0x080004c0   Section        0  dscalb.o(.text)
    .text                                    0x080004ee   Section        0  dflti.o(.text)
    .text                                    0x08000510   Section        0  f2d.o(.text)
    .text                                    0x08000536   Section        0  d2f.o(.text)
    .text                                    0x0800056e   Section        0  uidiv.o(.text)
    .text                                    0x0800059a   Section        0  uldiv.o(.text)
    .text                                    0x080005fc   Section        0  llshl.o(.text)
    .text                                    0x0800061a   Section        0  llsshr.o(.text)
    .text                                    0x0800063e   Section        0  fepilogue.o(.text)
    .text                                    0x0800063e   Section        0  iusefp.o(.text)
    .text                                    0x080006ac   Section        0  depilogue.o(.text)
    .text                                    0x08000766   Section        0  dfixul.o(.text)
    .text                                    0x08000798   Section       48  cdrcmple.o(.text)
    .text                                    0x080007c8   Section       36  init.o(.text)
    .text                                    0x080007ec   Section        0  dsqrt.o(.text)
    i.BMP180_test                            0x08000890   Section        0  bmp180.o(i.BMP180_test)
    i.BMP_ReadCalibrationData                0x080008d8   Section        0  bmp180.o(i.BMP_ReadCalibrationData)
    i.BMP_ReadTwoByte                        0x0800093c   Section        0  bmp180.o(i.BMP_ReadTwoByte)
    i.BMP_Read_UP                            0x08000994   Section        0  bmp180.o(i.BMP_Read_UP)
    i.BMP_Read_UT                            0x080009b0   Section        0  bmp180.o(i.BMP_Read_UT)
    i.BMP_UncompemstatedToTrue               0x080009cc   Section        0  bmp180.o(i.BMP_UncompemstatedToTrue)
    i.BusFault_Handler                       0x08000af0   Section        0  stm32f1xx_it.o(i.BusFault_Handler)
    i.DebugMon_Handler                       0x08000af2   Section        0  stm32f1xx_it.o(i.DebugMon_Handler)
    i.Error_Handler                          0x08000af4   Section        0  main.o(i.Error_Handler)
    i.HAL_DMA_Abort_IT                       0x08000af8   Section        0  stm32f1xx_hal_dma.o(i.HAL_DMA_Abort_IT)
    i.HAL_GPIO_Init                          0x08000c28   Section        0  stm32f1xx_hal_gpio.o(i.HAL_GPIO_Init)
    i.HAL_GPIO_ReadPin                       0x08000e20   Section        0  stm32f1xx_hal_gpio.o(i.HAL_GPIO_ReadPin)
    i.HAL_GPIO_WritePin                      0x08000e2a   Section        0  stm32f1xx_hal_gpio.o(i.HAL_GPIO_WritePin)
    i.HAL_GetTick                            0x08000e34   Section        0  stm32f1xx_hal.o(i.HAL_GetTick)
    i.HAL_I2C_Init                           0x08000e40   Section        0  stm32f1xx_hal_i2c.o(i.HAL_I2C_Init)
    i.HAL_I2C_MspInit                        0x08000fc8   Section        0  i2c.o(i.HAL_I2C_MspInit)
    i.HAL_IncTick                            0x08001034   Section        0  stm32f1xx_hal.o(i.HAL_IncTick)
    i.HAL_Init                               0x08001044   Section        0  stm32f1xx_hal.o(i.HAL_Init)
    i.HAL_InitTick                           0x08001068   Section        0  stm32f1xx_hal.o(i.HAL_InitTick)
    i.HAL_MspInit                            0x080010a8   Section        0  stm32f1xx_hal_msp.o(i.HAL_MspInit)
    i.HAL_NVIC_EnableIRQ                     0x080010e4   Section        0  stm32f1xx_hal_cortex.o(i.HAL_NVIC_EnableIRQ)
    i.HAL_NVIC_SetPriority                   0x08001100   Section        0  stm32f1xx_hal_cortex.o(i.HAL_NVIC_SetPriority)
    i.HAL_NVIC_SetPriorityGrouping           0x08001140   Section        0  stm32f1xx_hal_cortex.o(i.HAL_NVIC_SetPriorityGrouping)
    i.HAL_RCC_ClockConfig                    0x08001164   Section        0  stm32f1xx_hal_rcc.o(i.HAL_RCC_ClockConfig)
    i.HAL_RCC_GetPCLK1Freq                   0x08001290   Section        0  stm32f1xx_hal_rcc.o(i.HAL_RCC_GetPCLK1Freq)
    i.HAL_RCC_GetPCLK2Freq                   0x080012b0   Section        0  stm32f1xx_hal_rcc.o(i.HAL_RCC_GetPCLK2Freq)
    i.HAL_RCC_GetSysClockFreq                0x080012d0   Section        0  stm32f1xx_hal_rcc.o(i.HAL_RCC_GetSysClockFreq)
    i.HAL_RCC_OscConfig                      0x08001344   Section        0  stm32f1xx_hal_rcc.o(i.HAL_RCC_OscConfig)
    i.HAL_SYSTICK_CLKSourceConfig            0x08001664   Section        0  stm32f1xx_hal_cortex.o(i.HAL_SYSTICK_CLKSourceConfig)
    i.HAL_SYSTICK_Config                     0x0800167c   Section        0  stm32f1xx_hal_cortex.o(i.HAL_SYSTICK_Config)
    i.HAL_UART_ErrorCallback                 0x080016a4   Section        0  stm32f1xx_hal_uart.o(i.HAL_UART_ErrorCallback)
    i.HAL_UART_IRQHandler                    0x080016a8   Section        0  stm32f1xx_hal_uart.o(i.HAL_UART_IRQHandler)
    i.HAL_UART_Init                          0x08001804   Section        0  stm32f1xx_hal_uart.o(i.HAL_UART_Init)
    i.HAL_UART_MspInit                       0x08001868   Section        0  usart.o(i.HAL_UART_MspInit)
    i.HAL_UART_RxCpltCallback                0x080018e8   Section        0  stm32f1xx_hal_uart.o(i.HAL_UART_RxCpltCallback)
    i.HAL_UART_Transmit                      0x080018ec   Section        0  stm32f1xx_hal_uart.o(i.HAL_UART_Transmit)
    i.HAL_UART_TxCpltCallback                0x0800199e   Section        0  stm32f1xx_hal_uart.o(i.HAL_UART_TxCpltCallback)
    i.HardFault_Handler                      0x080019a0   Section        0  stm32f1xx_it.o(i.HardFault_Handler)
    i.IIC_Ack                                0x080019a2   Section        0  gpio_iic.o(i.IIC_Ack)
    i.IIC_Init                               0x080019d0   Section        0  gpio_iic.o(i.IIC_Init)
    i.IIC_NAck                               0x08001a00   Section        0  gpio_iic.o(i.IIC_NAck)
    i.IIC_Read_Byte                          0x08001a2e   Section        0  gpio_iic.o(i.IIC_Read_Byte)
    i.IIC_Read_One_Byte                      0x08001a78   Section        0  gpio_iic.o(i.IIC_Read_One_Byte)
    i.IIC_Send_Byte                          0x08001ab6   Section        0  gpio_iic.o(i.IIC_Send_Byte)
    i.IIC_Start                              0x08001b00   Section        0  gpio_iic.o(i.IIC_Start)
    i.IIC_Stop                               0x08001b2e   Section        0  gpio_iic.o(i.IIC_Stop)
    i.IIC_Wait_Ack                           0x08001b5c   Section        0  gpio_iic.o(i.IIC_Wait_Ack)
    i.IIC_Write_One_Byte                     0x08001b9e   Section        0  gpio_iic.o(i.IIC_Write_One_Byte)
    i.MX_GPIO_Init                           0x08001bd8   Section        0  gpio.o(i.MX_GPIO_Init)
    i.MX_I2C1_Init                           0x08001c48   Section        0  i2c.o(i.MX_I2C1_Init)
    i.MX_USART1_UART_Init                    0x08001c88   Section        0  usart.o(i.MX_USART1_UART_Init)
    i.MemManage_Handler                      0x08001cc0   Section        0  stm32f1xx_it.o(i.MemManage_Handler)
    i.NMI_Handler                            0x08001cc2   Section        0  stm32f1xx_it.o(i.NMI_Handler)
    i.PendSV_Handler                         0x08001cc4   Section        0  stm32f1xx_it.o(i.PendSV_Handler)
    i.SVC_Handler                            0x08001cc6   Section        0  stm32f1xx_it.o(i.SVC_Handler)
    i.SysTick_Handler                        0x08001cc8   Section        0  stm32f1xx_it.o(i.SysTick_Handler)
    i.SystemClock_Config                     0x08001ccc   Section        0  main.o(i.SystemClock_Config)
    i.SystemInit                             0x08001d28   Section        0  system_stm32f1xx.o(i.SystemInit)
    i.UART_DMAAbortOnError                   0x08001d2a   Section        0  stm32f1xx_hal_uart.o(i.UART_DMAAbortOnError)
    UART_DMAAbortOnError                     0x08001d2b   Thumb Code    16  stm32f1xx_hal_uart.o(i.UART_DMAAbortOnError)
    i.UART_EndRxTransfer                     0x08001d3a   Section        0  stm32f1xx_hal_uart.o(i.UART_EndRxTransfer)
    UART_EndRxTransfer                       0x08001d3b   Thumb Code    28  stm32f1xx_hal_uart.o(i.UART_EndRxTransfer)
    i.UART_Receive_IT                        0x08001d56   Section        0  stm32f1xx_hal_uart.o(i.UART_Receive_IT)
    UART_Receive_IT                          0x08001d57   Thumb Code   140  stm32f1xx_hal_uart.o(i.UART_Receive_IT)
    i.UART_SetConfig                         0x08001de4   Section        0  stm32f1xx_hal_uart.o(i.UART_SetConfig)
    UART_SetConfig                           0x08001de5   Thumb Code   178  stm32f1xx_hal_uart.o(i.UART_SetConfig)
    i.UART_WaitOnFlagUntilTimeout            0x08001e9c   Section        0  stm32f1xx_hal_uart.o(i.UART_WaitOnFlagUntilTimeout)
    UART_WaitOnFlagUntilTimeout              0x08001e9d   Thumb Code   100  stm32f1xx_hal_uart.o(i.UART_WaitOnFlagUntilTimeout)
    i.USART1_IRQHandler                      0x08001f00   Section        0  stm32f1xx_it.o(i.USART1_IRQHandler)
    i.UsageFault_Handler                     0x08001f0c   Section        0  stm32f1xx_it.o(i.UsageFault_Handler)
    i.__0printf                              0x08001f10   Section        0  printfa.o(i.__0printf)
    i.__ARM_fpclassify                       0x08001f30   Section        0  fpclassify.o(i.__ARM_fpclassify)
    i.__NVIC_SetPriority                     0x08001f58   Section        0  stm32f1xx_hal_cortex.o(i.__NVIC_SetPriority)
    __NVIC_SetPriority                       0x08001f59   Thumb Code    32  stm32f1xx_hal_cortex.o(i.__NVIC_SetPriority)
    i.__kernel_poly                          0x08001f78   Section        0  poly.o(i.__kernel_poly)
    i.__mathlib_dbl_divzero                  0x08002024   Section        0  dunder.o(i.__mathlib_dbl_divzero)
    i.__mathlib_dbl_infnan2                  0x08002034   Section        0  dunder.o(i.__mathlib_dbl_infnan2)
    i.__mathlib_dbl_invalid                  0x08002038   Section        0  dunder.o(i.__mathlib_dbl_invalid)
    i.__mathlib_dbl_overflow                 0x08002044   Section        0  dunder.o(i.__mathlib_dbl_overflow)
    i.__mathlib_dbl_underflow                0x08002054   Section        0  dunder.o(i.__mathlib_dbl_underflow)
    i.__scatterload_copy                     0x08002064   Section       14  handlers.o(i.__scatterload_copy)
    i.__scatterload_null                     0x08002072   Section        2  handlers.o(i.__scatterload_null)
    i.__scatterload_zeroinit                 0x08002074   Section       14  handlers.o(i.__scatterload_zeroinit)
    i.__set_errno                            0x08002084   Section        0  errno.o(i.__set_errno)
    i._fp_digits                             0x08002090   Section        0  printfa.o(i._fp_digits)
    _fp_digits                               0x08002091   Thumb Code   366  printfa.o(i._fp_digits)
    i._printf_core                           0x08002214   Section        0  printfa.o(i._printf_core)
    _printf_core                             0x08002215   Thumb Code  1704  printfa.o(i._printf_core)
    i._printf_post_padding                   0x080028c8   Section        0  printfa.o(i._printf_post_padding)
    _printf_post_padding                     0x080028c9   Thumb Code    36  printfa.o(i._printf_post_padding)
    i._printf_pre_padding                    0x080028ec   Section        0  printfa.o(i._printf_pre_padding)
    _printf_pre_padding                      0x080028ed   Thumb Code    46  printfa.o(i._printf_pre_padding)
    i.delay_init                             0x0800291c   Section        0  delay.o(i.delay_init)
    i.delay_ms                               0x08002930   Section        0  delay.o(i.delay_ms)
    i.delay_us                               0x0800294c   Section        0  delay.o(i.delay_us)
    i.fputc                                  0x08002980   Section        0  usart.o(i.fputc)
    i.main                                   0x08002998   Section        0  main.o(i.main)
    i.my_IIC_SCL                             0x080029dc   Section        0  gpio_iic.o(i.my_IIC_SCL)
    i.my_IIC_SDA                             0x080029ec   Section        0  gpio_iic.o(i.my_IIC_SDA)
    i.my_READ_SDA                            0x080029fc   Section        0  gpio_iic.o(i.my_READ_SDA)
    i.my_SDA_IN                              0x08002a0c   Section        0  gpio_iic.o(i.my_SDA_IN)
    i.my_SDA_OUT                             0x08002a30   Section        0  gpio_iic.o(i.my_SDA_OUT)
    i.pow                                    0x08002a54   Section        0  pow.o(i.pow)
    i.sqrt                                   0x0800342c   Section        0  sqrt.o(i.sqrt)
    .constdata                               0x08003478   Section       16  system_stm32f1xx.o(.constdata)
    .constdata                               0x08003488   Section        8  system_stm32f1xx.o(.constdata)
    .constdata                               0x08003490   Section      136  pow.o(.constdata)
    bp                                       0x08003490   Data          16  pow.o(.constdata)
    dp_h                                     0x080034a0   Data          16  pow.o(.constdata)
    dp_l                                     0x080034b0   Data          16  pow.o(.constdata)
    L                                        0x080034c0   Data          48  pow.o(.constdata)
    P                                        0x080034f0   Data          40  pow.o(.constdata)
    .constdata                               0x08003518   Section        8  qnan.o(.constdata)
    .conststring                             0x08003520   Section       96  bmp180.o(.conststring)
    .data                                    0x20000000   Section        4  delay.o(.data)
    fac_us                                   0x20000000   Data           4  delay.o(.data)
    .data                                    0x20000004   Section       12  stm32f1xx_hal.o(.data)
    .data                                    0x20000010   Section        4  system_stm32f1xx.o(.data)
    .data                                    0x20000014   Section        4  stdout.o(.data)
    .data                                    0x20000018   Section        4  errno.o(.data)
    _errno                                   0x20000018   Data           4  errno.o(.data)
    .bss                                     0x2000001c   Section       84  i2c.o(.bss)
    .bss                                     0x20000070   Section       64  usart.o(.bss)
    .bss                                     0x200000b0   Section       76  bmp180.o(.bss)
    STACK                                    0x20000100   Section     1024  startup_stm32f103xe.o(STACK)

    Global Symbols

    Symbol Name                              Value     Ov Type        Size  Object(Section)

    BuildAttributes$$THM_ISAv4$P$D$K$B$S$PE$A:L22UL41UL21$X:L11$S22US41US21$IEEE1$IW$USESV6$~STKCKD$USESV7$~SHL$OTIME$ROPI$IEEEX$EBA8$MICROLIB$REQ8$PRES8$EABIv2 0x00000000   Number         0  anon$$obj.o ABSOLUTE
    __ARM_use_no_argv                        0x00000000   Number         0  main.o ABSOLUTE
    _printf_a                                0x00000000   Number         0  stubs.o ABSOLUTE
    _printf_c                                0x00000000   Number         0  stubs.o ABSOLUTE
    _printf_charcount                        0x00000000   Number         0  stubs.o ABSOLUTE
    _printf_d                                0x00000000   Number         0  stubs.o ABSOLUTE
    _printf_e                                0x00000000   Number         0  stubs.o ABSOLUTE
    _printf_f                                0x00000000   Number         0  stubs.o ABSOLUTE
    _printf_flags                            0x00000000   Number         0  stubs.o ABSOLUTE
    _printf_fp_dec                           0x00000000   Number         0  stubs.o ABSOLUTE
    _printf_fp_hex                           0x00000000   Number         0  stubs.o ABSOLUTE
    _printf_g                                0x00000000   Number         0  stubs.o ABSOLUTE
    _printf_i                                0x00000000   Number         0  stubs.o ABSOLUTE
    _printf_int_dec                          0x00000000   Number         0  stubs.o ABSOLUTE
    _printf_l                                0x00000000   Number         0  stubs.o ABSOLUTE
    _printf_lc                               0x00000000   Number         0  stubs.o ABSOLUTE
    _printf_ll                               0x00000000   Number         0  stubs.o ABSOLUTE
    _printf_lld                              0x00000000   Number         0  stubs.o ABSOLUTE
    _printf_lli                              0x00000000   Number         0  stubs.o ABSOLUTE
    _printf_llo                              0x00000000   Number         0  stubs.o ABSOLUTE
    _printf_llu                              0x00000000   Number         0  stubs.o ABSOLUTE
    _printf_llx                              0x00000000   Number         0  stubs.o ABSOLUTE
    _printf_longlong_dec                     0x00000000   Number         0  stubs.o ABSOLUTE
    _printf_longlong_hex                     0x00000000   Number         0  stubs.o ABSOLUTE
    _printf_longlong_oct                     0x00000000   Number         0  stubs.o ABSOLUTE
    _printf_ls                               0x00000000   Number         0  stubs.o ABSOLUTE
    _printf_mbtowc                           0x00000000   Number         0  stubs.o ABSOLUTE
    _printf_n                                0x00000000   Number         0  stubs.o ABSOLUTE
    _printf_o                                0x00000000   Number         0  stubs.o ABSOLUTE
    _printf_p                                0x00000000   Number         0  stubs.o ABSOLUTE
    _printf_percent                          0x00000000   Number         0  stubs.o ABSOLUTE
    _printf_pre_padding                      0x00000000   Number         0  stubs.o ABSOLUTE
    _printf_return_value                     0x00000000   Number         0  stubs.o ABSOLUTE
    _printf_s                                0x00000000   Number         0  stubs.o ABSOLUTE
    _printf_sizespec                         0x00000000   Number         0  stubs.o ABSOLUTE
    _printf_str                              0x00000000   Number         0  stubs.o ABSOLUTE
    _printf_truncate_signed                  0x00000000   Number         0  stubs.o ABSOLUTE
    _printf_truncate_unsigned                0x00000000   Number         0  stubs.o ABSOLUTE
    _printf_u                                0x00000000   Number         0  stubs.o ABSOLUTE
    _printf_wc                               0x00000000   Number         0  stubs.o ABSOLUTE
    _printf_wctomb                           0x00000000   Number         0  stubs.o ABSOLUTE
    _printf_widthprec                        0x00000000   Number         0  stubs.o ABSOLUTE
    _printf_x                                0x00000000   Number         0  stubs.o ABSOLUTE
    __arm_fini_                               - Undefined Weak Reference
    __cpp_initialize__aeabi_                  - Undefined Weak Reference
    __cxa_finalize                            - Undefined Weak Reference
    __decompress                              - Undefined Weak Reference
    _clock_init                               - Undefined Weak Reference
    _microlib_exit                            - Undefined Weak Reference
    __Vectors_Size                           0x00000130   Number         0  startup_stm32f103xe.o ABSOLUTE
    __Vectors                                0x08000000   Data           4  startup_stm32f103xe.o(RESET)
    __Vectors_End                            0x08000130   Data           0  startup_stm32f103xe.o(RESET)
    __main                                   0x08000131   Thumb Code     0  entry.o(.ARM.Collect$$$$00000000)
    _main_stk                                0x08000131   Thumb Code     0  entry2.o(.ARM.Collect$$$$00000001)
    _main_scatterload                        0x08000135   Thumb Code     0  entry5.o(.ARM.Collect$$$$00000004)
    __main_after_scatterload                 0x08000139   Thumb Code     0  entry5.o(.ARM.Collect$$$$00000004)
    _main_clock                              0x08000139   Thumb Code     0  entry7b.o(.ARM.Collect$$$$00000008)
    _main_cpp_init                           0x08000139   Thumb Code     0  entry8b.o(.ARM.Collect$$$$0000000A)
    _main_init                               0x08000139   Thumb Code     0  entry9a.o(.ARM.Collect$$$$0000000B)
    __rt_lib_shutdown_fini                   0x08000141   Thumb Code     0  entry12b.o(.ARM.Collect$$$$0000000E)
    __rt_final_cpp                           0x08000145   Thumb Code     0  entry10a.o(.ARM.Collect$$$$0000000F)
    __rt_final_exit                          0x08000145   Thumb Code     0  entry11a.o(.ARM.Collect$$$$00000011)
    Reset_Handler                            0x08000149   Thumb Code     8  startup_stm32f103xe.o(.text)
    ADC1_2_IRQHandler                        0x08000163   Thumb Code     0  startup_stm32f103xe.o(.text)
    ADC3_IRQHandler                          0x08000163   Thumb Code     0  startup_stm32f103xe.o(.text)
    CAN1_RX1_IRQHandler                      0x08000163   Thumb Code     0  startup_stm32f103xe.o(.text)
    CAN1_SCE_IRQHandler                      0x08000163   Thumb Code     0  startup_stm32f103xe.o(.text)
    DMA1_Channel1_IRQHandler                 0x08000163   Thumb Code     0  startup_stm32f103xe.o(.text)
    DMA1_Channel2_IRQHandler                 0x08000163   Thumb Code     0  startup_stm32f103xe.o(.text)
    DMA1_Channel3_IRQHandler                 0x08000163   Thumb Code     0  startup_stm32f103xe.o(.text)
    DMA1_Channel4_IRQHandler                 0x08000163   Thumb Code     0  startup_stm32f103xe.o(.text)
    DMA1_Channel5_IRQHandler                 0x08000163   Thumb Code     0  startup_stm32f103xe.o(.text)
    DMA1_Channel6_IRQHandler                 0x08000163   Thumb Code     0  startup_stm32f103xe.o(.text)
    DMA1_Channel7_IRQHandler                 0x08000163   Thumb Code     0  startup_stm32f103xe.o(.text)
    DMA2_Channel1_IRQHandler                 0x08000163   Thumb Code     0  startup_stm32f103xe.o(.text)
    DMA2_Channel2_IRQHandler                 0x08000163   Thumb Code     0  startup_stm32f103xe.o(.text)
    DMA2_Channel3_IRQHandler                 0x08000163   Thumb Code     0  startup_stm32f103xe.o(.text)
    DMA2_Channel4_5_IRQHandler               0x08000163   Thumb Code     0  startup_stm32f103xe.o(.text)
    EXTI0_IRQHandler                         0x08000163   Thumb Code     0  startup_stm32f103xe.o(.text)
    EXTI15_10_IRQHandler                     0x08000163   Thumb Code     0  startup_stm32f103xe.o(.text)
    EXTI1_IRQHandler                         0x08000163   Thumb Code     0  startup_stm32f103xe.o(.text)
    EXTI2_IRQHandler                         0x08000163   Thumb Code     0  startup_stm32f103xe.o(.text)
    EXTI3_IRQHandler                         0x08000163   Thumb Code     0  startup_stm32f103xe.o(.text)
    EXTI4_IRQHandler                         0x08000163   Thumb Code     0  startup_stm32f103xe.o(.text)
    EXTI9_5_IRQHandler                       0x08000163   Thumb Code     0  startup_stm32f103xe.o(.text)
    FLASH_IRQHandler                         0x08000163   Thumb Code     0  startup_stm32f103xe.o(.text)
    FSMC_IRQHandler                          0x08000163   Thumb Code     0  startup_stm32f103xe.o(.text)
    I2C1_ER_IRQHandler                       0x08000163   Thumb Code     0  startup_stm32f103xe.o(.text)
    I2C1_EV_IRQHandler                       0x08000163   Thumb Code     0  startup_stm32f103xe.o(.text)
    I2C2_ER_IRQHandler                       0x08000163   Thumb Code     0  startup_stm32f103xe.o(.text)
    I2C2_EV_IRQHandler                       0x08000163   Thumb Code     0  startup_stm32f103xe.o(.text)
    PVD_IRQHandler                           0x08000163   Thumb Code     0  startup_stm32f103xe.o(.text)
    RCC_IRQHandler                           0x08000163   Thumb Code     0  startup_stm32f103xe.o(.text)
    RTC_Alarm_IRQHandler                     0x08000163   Thumb Code     0  startup_stm32f103xe.o(.text)
    RTC_IRQHandler                           0x08000163   Thumb Code     0  startup_stm32f103xe.o(.text)
    SDIO_IRQHandler                          0x08000163   Thumb Code     0  startup_stm32f103xe.o(.text)
    SPI1_IRQHandler                          0x08000163   Thumb Code     0  startup_stm32f103xe.o(.text)
    SPI2_IRQHandler                          0x08000163   Thumb Code     0  startup_stm32f103xe.o(.text)
    SPI3_IRQHandler                          0x08000163   Thumb Code     0  startup_stm32f103xe.o(.text)
    TAMPER_IRQHandler                        0x08000163   Thumb Code     0  startup_stm32f103xe.o(.text)
    TIM1_BRK_IRQHandler                      0x08000163   Thumb Code     0  startup_stm32f103xe.o(.text)
    TIM1_CC_IRQHandler                       0x08000163   Thumb Code     0  startup_stm32f103xe.o(.text)
    TIM1_TRG_COM_IRQHandler                  0x08000163   Thumb Code     0  startup_stm32f103xe.o(.text)
    TIM1_UP_IRQHandler                       0x08000163   Thumb Code     0  startup_stm32f103xe.o(.text)
    TIM2_IRQHandler                          0x08000163   Thumb Code     0  startup_stm32f103xe.o(.text)
    TIM3_IRQHandler                          0x08000163   Thumb Code     0  startup_stm32f103xe.o(.text)
    TIM4_IRQHandler                          0x08000163   Thumb Code     0  startup_stm32f103xe.o(.text)
    TIM5_IRQHandler                          0x08000163   Thumb Code     0  startup_stm32f103xe.o(.text)
    TIM6_IRQHandler                          0x08000163   Thumb Code     0  startup_stm32f103xe.o(.text)
    TIM7_IRQHandler                          0x08000163   Thumb Code     0  startup_stm32f103xe.o(.text)
    TIM8_BRK_IRQHandler                      0x08000163   Thumb Code     0  startup_stm32f103xe.o(.text)
    TIM8_CC_IRQHandler                       0x08000163   Thumb Code     0  startup_stm32f103xe.o(.text)
    TIM8_TRG_COM_IRQHandler                  0x08000163   Thumb Code     0  startup_stm32f103xe.o(.text)
    TIM8_UP_IRQHandler                       0x08000163   Thumb Code     0  startup_stm32f103xe.o(.text)
    UART4_IRQHandler                         0x08000163   Thumb Code     0  startup_stm32f103xe.o(.text)
    UART5_IRQHandler                         0x08000163   Thumb Code     0  startup_stm32f103xe.o(.text)
    USART2_IRQHandler                        0x08000163   Thumb Code     0  startup_stm32f103xe.o(.text)
    USART3_IRQHandler                        0x08000163   Thumb Code     0  startup_stm32f103xe.o(.text)
    USBWakeUp_IRQHandler                     0x08000163   Thumb Code     0  startup_stm32f103xe.o(.text)
    USB_HP_CAN1_TX_IRQHandler                0x08000163   Thumb Code     0  startup_stm32f103xe.o(.text)
    USB_LP_CAN1_RX0_IRQHandler               0x08000163   Thumb Code     0  startup_stm32f103xe.o(.text)
    WWDG_IRQHandler                          0x08000163   Thumb Code     0  startup_stm32f103xe.o(.text)
    __aeabi_llsr                             0x0800016d   Thumb Code    32  llushr.o(.text)
    _ll_ushift_r                             0x0800016d   Thumb Code     0  llushr.o(.text)
    __aeabi_memset                           0x0800018d   Thumb Code    14  memseta.o(.text)
    __aeabi_memset4                          0x0800018d   Thumb Code     0  memseta.o(.text)
    __aeabi_memset8                          0x0800018d   Thumb Code     0  memseta.o(.text)
    __aeabi_memclr                           0x0800019b   Thumb Code     4  memseta.o(.text)
    __aeabi_memclr4                          0x0800019b   Thumb Code     0  memseta.o(.text)
    __aeabi_memclr8                          0x0800019b   Thumb Code     0  memseta.o(.text)
    _memset$wrapper                          0x0800019f   Thumb Code    18  memseta.o(.text)
    __aeabi_dadd                             0x080001b1   Thumb Code   322  dadd.o(.text)
    __aeabi_dsub                             0x080002f3   Thumb Code     6  dadd.o(.text)
    __aeabi_drsub                            0x080002f9   Thumb Code     6  dadd.o(.text)
    __aeabi_dmul                             0x080002ff   Thumb Code   228  dmul.o(.text)
    __aeabi_ddiv                             0x080003e3   Thumb Code   222  ddiv.o(.text)
    __ARM_scalbn                             0x080004c1   Thumb Code    46  dscalb.o(.text)
    scalbn                                   0x080004c1   Thumb Code     0  dscalb.o(.text)
    __aeabi_i2d                              0x080004ef   Thumb Code    34  dflti.o(.text)
    __aeabi_f2d                              0x08000511   Thumb Code    38  f2d.o(.text)
    __aeabi_d2f                              0x08000537   Thumb Code    56  d2f.o(.text)
    __aeabi_uidiv                            0x0800056f   Thumb Code     0  uidiv.o(.text)
    __aeabi_uidivmod                         0x0800056f   Thumb Code    44  uidiv.o(.text)
    __aeabi_uldivmod                         0x0800059b   Thumb Code    98  uldiv.o(.text)
    __aeabi_llsl                             0x080005fd   Thumb Code    30  llshl.o(.text)
    _ll_shift_l                              0x080005fd   Thumb Code     0  llshl.o(.text)
    __aeabi_lasr                             0x0800061b   Thumb Code    36  llsshr.o(.text)
    _ll_sshift_r                             0x0800061b   Thumb Code     0  llsshr.o(.text)
    __I$use$fp                               0x0800063f   Thumb Code     0  iusefp.o(.text)
    _float_round                             0x0800063f   Thumb Code    18  fepilogue.o(.text)
    _float_epilogue                          0x08000651   Thumb Code    92  fepilogue.o(.text)
    _double_round                            0x080006ad   Thumb Code    30  depilogue.o(.text)
    _double_epilogue                         0x080006cb   Thumb Code   156  depilogue.o(.text)
    __aeabi_d2ulz                            0x08000767   Thumb Code    48  dfixul.o(.text)
    __aeabi_cdrcmple                         0x08000799   Thumb Code    48  cdrcmple.o(.text)
    __scatterload                            0x080007c9   Thumb Code    28  init.o(.text)
    __scatterload_rt2                        0x080007c9   Thumb Code     0  init.o(.text)
    _dsqrt                                   0x080007ed   Thumb Code   162  dsqrt.o(.text)
    BMP180_test                              0x08000891   Thumb Code    62  bmp180.o(i.BMP180_test)
    BMP_ReadCalibrationData                  0x080008d9   Thumb Code    94  bmp180.o(i.BMP_ReadCalibrationData)
    BMP_ReadTwoByte                          0x0800093d   Thumb Code    88  bmp180.o(i.BMP_ReadTwoByte)
    BMP_Read_UP                              0x08000995   Thumb Code    28  bmp180.o(i.BMP_Read_UP)
    BMP_Read_UT                              0x080009b1   Thumb Code    28  bmp180.o(i.BMP_Read_UT)
    BMP_UncompemstatedToTrue                 0x080009cd   Thumb Code   262  bmp180.o(i.BMP_UncompemstatedToTrue)
    BusFault_Handler                         0x08000af1   Thumb Code     2  stm32f1xx_it.o(i.BusFault_Handler)
    DebugMon_Handler                         0x08000af3   Thumb Code     2  stm32f1xx_it.o(i.DebugMon_Handler)
    Error_Handler                            0x08000af5   Thumb Code     4  main.o(i.Error_Handler)
    HAL_DMA_Abort_IT                         0x08000af9   Thumb Code   296  stm32f1xx_hal_dma.o(i.HAL_DMA_Abort_IT)
    HAL_GPIO_Init                            0x08000c29   Thumb Code   462  stm32f1xx_hal_gpio.o(i.HAL_GPIO_Init)
    HAL_GPIO_ReadPin                         0x08000e21   Thumb Code    10  stm32f1xx_hal_gpio.o(i.HAL_GPIO_ReadPin)
    HAL_GPIO_WritePin                        0x08000e2b   Thumb Code    10  stm32f1xx_hal_gpio.o(i.HAL_GPIO_WritePin)
    HAL_GetTick                              0x08000e35   Thumb Code     6  stm32f1xx_hal.o(i.HAL_GetTick)
    HAL_I2C_Init                             0x08000e41   Thumb Code   376  stm32f1xx_hal_i2c.o(i.HAL_I2C_Init)
    HAL_I2C_MspInit                          0x08000fc9   Thumb Code    96  i2c.o(i.HAL_I2C_MspInit)
    HAL_IncTick                              0x08001035   Thumb Code    12  stm32f1xx_hal.o(i.HAL_IncTick)
    HAL_Init                                 0x08001045   Thumb Code    32  stm32f1xx_hal.o(i.HAL_Init)
    HAL_InitTick                             0x08001069   Thumb Code    54  stm32f1xx_hal.o(i.HAL_InitTick)
    HAL_MspInit                              0x080010a9   Thumb Code    52  stm32f1xx_hal_msp.o(i.HAL_MspInit)
    HAL_NVIC_EnableIRQ                       0x080010e5   Thumb Code    26  stm32f1xx_hal_cortex.o(i.HAL_NVIC_EnableIRQ)
    HAL_NVIC_SetPriority                     0x08001101   Thumb Code    60  stm32f1xx_hal_cortex.o(i.HAL_NVIC_SetPriority)
    HAL_NVIC_SetPriorityGrouping             0x08001141   Thumb Code    26  stm32f1xx_hal_cortex.o(i.HAL_NVIC_SetPriorityGrouping)
    HAL_RCC_ClockConfig                      0x08001165   Thumb Code   280  stm32f1xx_hal_rcc.o(i.HAL_RCC_ClockConfig)
    HAL_RCC_GetPCLK1Freq                     0x08001291   Thumb Code    20  stm32f1xx_hal_rcc.o(i.HAL_RCC_GetPCLK1Freq)
    HAL_RCC_GetPCLK2Freq                     0x080012b1   Thumb Code    20  stm32f1xx_hal_rcc.o(i.HAL_RCC_GetPCLK2Freq)
    HAL_RCC_GetSysClockFreq                  0x080012d1   Thumb Code    80  stm32f1xx_hal_rcc.o(i.HAL_RCC_GetSysClockFreq)
    HAL_RCC_OscConfig                        0x08001345   Thumb Code   778  stm32f1xx_hal_rcc.o(i.HAL_RCC_OscConfig)
    HAL_SYSTICK_CLKSourceConfig              0x08001665   Thumb Code    24  stm32f1xx_hal_cortex.o(i.HAL_SYSTICK_CLKSourceConfig)
    HAL_SYSTICK_Config                       0x0800167d   Thumb Code    40  stm32f1xx_hal_cortex.o(i.HAL_SYSTICK_Config)
    HAL_UART_ErrorCallback                   0x080016a5   Thumb Code     2  stm32f1xx_hal_uart.o(i.HAL_UART_ErrorCallback)
    HAL_UART_IRQHandler                      0x080016a9   Thumb Code   344  stm32f1xx_hal_uart.o(i.HAL_UART_IRQHandler)
    HAL_UART_Init                            0x08001805   Thumb Code    98  stm32f1xx_hal_uart.o(i.HAL_UART_Init)
    HAL_UART_MspInit                         0x08001869   Thumb Code   116  usart.o(i.HAL_UART_MspInit)
    HAL_UART_RxCpltCallback                  0x080018e9   Thumb Code     2  stm32f1xx_hal_uart.o(i.HAL_UART_RxCpltCallback)
    HAL_UART_Transmit                        0x080018ed   Thumb Code   178  stm32f1xx_hal_uart.o(i.HAL_UART_Transmit)
    HAL_UART_TxCpltCallback                  0x0800199f   Thumb Code     2  stm32f1xx_hal_uart.o(i.HAL_UART_TxCpltCallback)
    HardFault_Handler                        0x080019a1   Thumb Code     2  stm32f1xx_it.o(i.HardFault_Handler)
    IIC_Ack                                  0x080019a3   Thumb Code    46  gpio_iic.o(i.IIC_Ack)
    IIC_Init                                 0x080019d1   Thumb Code    20  gpio_iic.o(i.IIC_Init)
    IIC_NAck                                 0x08001a01   Thumb Code    46  gpio_iic.o(i.IIC_NAck)
    IIC_Read_Byte                            0x08001a2f   Thumb Code    74  gpio_iic.o(i.IIC_Read_Byte)
    IIC_Read_One_Byte                        0x08001a79   Thumb Code    62  gpio_iic.o(i.IIC_Read_One_Byte)
    IIC_Send_Byte                            0x08001ab7   Thumb Code    74  gpio_iic.o(i.IIC_Send_Byte)
    IIC_Start                                0x08001b01   Thumb Code    46  gpio_iic.o(i.IIC_Start)
    IIC_Stop                                 0x08001b2f   Thumb Code    46  gpio_iic.o(i.IIC_Stop)
    IIC_Wait_Ack                             0x08001b5d   Thumb Code    66  gpio_iic.o(i.IIC_Wait_Ack)
    IIC_Write_One_Byte                       0x08001b9f   Thumb Code    56  gpio_iic.o(i.IIC_Write_One_Byte)
    MX_GPIO_Init                             0x08001bd9   Thumb Code   104  gpio.o(i.MX_GPIO_Init)
    MX_I2C1_Init                             0x08001c49   Thumb Code    50  i2c.o(i.MX_I2C1_Init)
    MX_USART1_UART_Init                      0x08001c89   Thumb Code    48  usart.o(i.MX_USART1_UART_Init)
    MemManage_Handler                        0x08001cc1   Thumb Code     2  stm32f1xx_it.o(i.MemManage_Handler)
    NMI_Handler                              0x08001cc3   Thumb Code     2  stm32f1xx_it.o(i.NMI_Handler)
    PendSV_Handler                           0x08001cc5   Thumb Code     2  stm32f1xx_it.o(i.PendSV_Handler)
    SVC_Handler                              0x08001cc7   Thumb Code     2  stm32f1xx_it.o(i.SVC_Handler)
    SysTick_Handler                          0x08001cc9   Thumb Code     4  stm32f1xx_it.o(i.SysTick_Handler)
    SystemClock_Config                       0x08001ccd   Thumb Code    92  main.o(i.SystemClock_Config)
    SystemInit                               0x08001d29   Thumb Code     2  system_stm32f1xx.o(i.SystemInit)
    USART1_IRQHandler                        0x08001f01   Thumb Code     6  stm32f1xx_it.o(i.USART1_IRQHandler)
    UsageFault_Handler                       0x08001f0d   Thumb Code     2  stm32f1xx_it.o(i.UsageFault_Handler)
    __0printf                                0x08001f11   Thumb Code    22  printfa.o(i.__0printf)
    __1printf                                0x08001f11   Thumb Code     0  printfa.o(i.__0printf)
    __2printf                                0x08001f11   Thumb Code     0  printfa.o(i.__0printf)
    __c89printf                              0x08001f11   Thumb Code     0  printfa.o(i.__0printf)
    printf                                   0x08001f11   Thumb Code     0  printfa.o(i.__0printf)
    __ARM_fpclassify                         0x08001f31   Thumb Code    40  fpclassify.o(i.__ARM_fpclassify)
    __kernel_poly                            0x08001f79   Thumb Code   170  poly.o(i.__kernel_poly)
    __mathlib_dbl_divzero                    0x08002025   Thumb Code    12  dunder.o(i.__mathlib_dbl_divzero)
    __mathlib_dbl_infnan2                    0x08002035   Thumb Code     4  dunder.o(i.__mathlib_dbl_infnan2)
    __mathlib_dbl_invalid                    0x08002039   Thumb Code    12  dunder.o(i.__mathlib_dbl_invalid)
    __mathlib_dbl_overflow                   0x08002045   Thumb Code    14  dunder.o(i.__mathlib_dbl_overflow)
    __mathlib_dbl_underflow                  0x08002055   Thumb Code    10  dunder.o(i.__mathlib_dbl_underflow)
    __scatterload_copy                       0x08002065   Thumb Code    14  handlers.o(i.__scatterload_copy)
    __scatterload_null                       0x08002073   Thumb Code     2  handlers.o(i.__scatterload_null)
    __scatterload_zeroinit                   0x08002075   Thumb Code    14  handlers.o(i.__scatterload_zeroinit)
    __set_errno                              0x08002085   Thumb Code     6  errno.o(i.__set_errno)
    delay_init                               0x0800291d   Thumb Code    16  delay.o(i.delay_init)
    delay_ms                                 0x08002931   Thumb Code    26  delay.o(i.delay_ms)
    delay_us                                 0x0800294d   Thumb Code    48  delay.o(i.delay_us)
    fputc                                    0x08002981   Thumb Code    20  usart.o(i.fputc)
    main                                     0x08002999   Thumb Code    52  main.o(i.main)
    my_IIC_SCL                               0x080029dd   Thumb Code    12  gpio_iic.o(i.my_IIC_SCL)
    my_IIC_SDA                               0x080029ed   Thumb Code    12  gpio_iic.o(i.my_IIC_SDA)
    my_READ_SDA                              0x080029fd   Thumb Code    10  gpio_iic.o(i.my_READ_SDA)
    my_SDA_IN                                0x08002a0d   Thumb Code    30  gpio_iic.o(i.my_SDA_IN)
    my_SDA_OUT                               0x08002a31   Thumb Code    30  gpio_iic.o(i.my_SDA_OUT)
    pow                                      0x08002a55   Thumb Code  2512  pow.o(i.pow)
    sqrt                                     0x0800342d   Thumb Code    76  sqrt.o(i.sqrt)
    AHBPrescTable                            0x08003478   Data          16  system_stm32f1xx.o(.constdata)
    APBPrescTable                            0x08003488   Data           8  system_stm32f1xx.o(.constdata)
    __mathlib_zero                           0x08003518   Data           8  qnan.o(.constdata)
    Region$$Table$$Base                      0x08003580   Number         0  anon$$obj.o(Region$$Table)
    Region$$Table$$Limit                     0x080035a0   Number         0  anon$$obj.o(Region$$Table)
    uwTickFreq                               0x20000004   Data           1  stm32f1xx_hal.o(.data)
    uwTickPrio                               0x20000008   Data           4  stm32f1xx_hal.o(.data)
    uwTick                                   0x2000000c   Data           4  stm32f1xx_hal.o(.data)
    SystemCoreClock                          0x20000010   Data           4  system_stm32f1xx.o(.data)
    __stdout                                 0x20000014   Data           4  stdout.o(.data)
    hi2c1                                    0x2000001c   Data          84  i2c.o(.bss)
    huart1                                   0x20000070   Data          64  usart.o(.bss)
    bmp180                                   0x200000b0   Data          76  bmp180.o(.bss)
    __initial_sp                             0x20000500   Data           0  startup_stm32f103xe.o(STACK)



==============================================================================

Memory Map of the image

  Image Entry point : 0x08000131

  Load Region LR_IROM1 (Base: 0x08000000, Size: 0x000035bc, Max: 0x00080000, ABSOLUTE)

    Execution Region ER_IROM1 (Exec base: 0x08000000, Load base: 0x08000000, Size: 0x000035a0, Max: 0x00080000, ABSOLUTE)

    Exec Addr    Load Addr    Size         Type   Attr      Idx    E Section Name        Object

    0x08000000   0x08000000   0x00000130   Data   RO            3    RESET               startup_stm32f103xe.o
    0x08000130   0x08000130   0x00000000   Code   RO         2584  * .ARM.Collect$$$$00000000  mc_w.l(entry.o)
    0x08000130   0x08000130   0x00000004   Code   RO         2897    .ARM.Collect$$$$00000001  mc_w.l(entry2.o)
    0x08000134   0x08000134   0x00000004   Code   RO         2900    .ARM.Collect$$$$00000004  mc_w.l(entry5.o)
    0x08000138   0x08000138   0x00000000   Code   RO         2902    .ARM.Collect$$$$00000008  mc_w.l(entry7b.o)
    0x08000138   0x08000138   0x00000000   Code   RO         2904    .ARM.Collect$$$$0000000A  mc_w.l(entry8b.o)
    0x08000138   0x08000138   0x00000008   Code   RO         2905    .ARM.Collect$$$$0000000B  mc_w.l(entry9a.o)
    0x08000140   0x08000140   0x00000004   Code   RO         2912    .ARM.Collect$$$$0000000E  mc_w.l(entry12b.o)
    0x08000144   0x08000144   0x00000000   Code   RO         2907    .ARM.Collect$$$$0000000F  mc_w.l(entry10a.o)
    0x08000144   0x08000144   0x00000000   Code   RO         2909    .ARM.Collect$$$$00000011  mc_w.l(entry11a.o)
    0x08000144   0x08000144   0x00000004   Code   RO         2898    .ARM.Collect$$$$00002712  mc_w.l(entry2.o)
    0x08000148   0x08000148   0x00000024   Code   RO            4    .text               startup_stm32f103xe.o
    0x0800016c   0x0800016c   0x00000020   Code   RO         2587    .text               mc_w.l(llushr.o)
    0x0800018c   0x0800018c   0x00000024   Code   RO         2589    .text               mc_w.l(memseta.o)
    0x080001b0   0x080001b0   0x0000014e   Code   RO         2852    .text               mf_w.l(dadd.o)
    0x080002fe   0x080002fe   0x000000e4   Code   RO         2854    .text               mf_w.l(dmul.o)
    0x080003e2   0x080003e2   0x000000de   Code   RO         2856    .text               mf_w.l(ddiv.o)
    0x080004c0   0x080004c0   0x0000002e   Code   RO         2858    .text               mf_w.l(dscalb.o)
    0x080004ee   0x080004ee   0x00000022   Code   RO         2862    .text               mf_w.l(dflti.o)
    0x08000510   0x08000510   0x00000026   Code   RO         2866    .text               mf_w.l(f2d.o)
    0x08000536   0x08000536   0x00000038   Code   RO         2868    .text               mf_w.l(d2f.o)
    0x0800056e   0x0800056e   0x0000002c   Code   RO         2914    .text               mc_w.l(uidiv.o)
    0x0800059a   0x0800059a   0x00000062   Code   RO         2916    .text               mc_w.l(uldiv.o)
    0x080005fc   0x080005fc   0x0000001e   Code   RO         2918    .text               mc_w.l(llshl.o)
    0x0800061a   0x0800061a   0x00000024   Code   RO         2920    .text               mc_w.l(llsshr.o)
    0x0800063e   0x0800063e   0x00000000   Code   RO         2929    .text               mc_w.l(iusefp.o)
    0x0800063e   0x0800063e   0x0000006e   Code   RO         2930    .text               mf_w.l(fepilogue.o)
    0x080006ac   0x080006ac   0x000000ba   Code   RO         2932    .text               mf_w.l(depilogue.o)
    0x08000766   0x08000766   0x00000030   Code   RO         2934    .text               mf_w.l(dfixul.o)
    0x08000796   0x08000796   0x00000002   PAD
    0x08000798   0x08000798   0x00000030   Code   RO         2936    .text               mf_w.l(cdrcmple.o)
    0x080007c8   0x080007c8   0x00000024   Code   RO         2938    .text               mc_w.l(init.o)
    0x080007ec   0x080007ec   0x000000a2   Code   RO         2940    .text               mf_w.l(dsqrt.o)
    0x0800088e   0x0800088e   0x00000002   PAD
    0x08000890   0x08000890   0x00000048   Code   RO         2513    i.BMP180_test       bmp180.o
    0x080008d8   0x080008d8   0x00000064   Code   RO         2514    i.BMP_ReadCalibrationData  bmp180.o
    0x0800093c   0x0800093c   0x00000058   Code   RO         2515    i.BMP_ReadTwoByte   bmp180.o
    0x08000994   0x08000994   0x0000001c   Code   RO         2516    i.BMP_Read_UP       bmp180.o
    0x080009b0   0x080009b0   0x0000001c   Code   RO         2517    i.BMP_Read_UT       bmp180.o
    0x080009cc   0x080009cc   0x00000124   Code   RO         2518    i.BMP_UncompemstatedToTrue  bmp180.o
    0x08000af0   0x08000af0   0x00000002   Code   RO          429    i.BusFault_Handler  stm32f1xx_it.o
    0x08000af2   0x08000af2   0x00000002   Code   RO          430    i.DebugMon_Handler  stm32f1xx_it.o
    0x08000af4   0x08000af4   0x00000004   Code   RO          253    i.Error_Handler     main.o
    0x08000af8   0x08000af8   0x00000130   Code   RO         1378    i.HAL_DMA_Abort_IT  stm32f1xx_hal_dma.o
    0x08000c28   0x08000c28   0x000001f8   Code   RO         1313    i.HAL_GPIO_Init     stm32f1xx_hal_gpio.o
    0x08000e20   0x08000e20   0x0000000a   Code   RO         1315    i.HAL_GPIO_ReadPin  stm32f1xx_hal_gpio.o
    0x08000e2a   0x08000e2a   0x0000000a   Code   RO         1317    i.HAL_GPIO_WritePin  stm32f1xx_hal_gpio.o
    0x08000e34   0x08000e34   0x0000000c   Code   RO         1009    i.HAL_GetTick       stm32f1xx_hal.o
    0x08000e40   0x08000e40   0x00000188   Code   RO          582    i.HAL_I2C_Init      stm32f1xx_hal_i2c.o
    0x08000fc8   0x08000fc8   0x0000006c   Code   RO          340    i.HAL_I2C_MspInit   i2c.o
    0x08001034   0x08001034   0x00000010   Code   RO         1015    i.HAL_IncTick       stm32f1xx_hal.o
    0x08001044   0x08001044   0x00000024   Code   RO         1016    i.HAL_Init          stm32f1xx_hal.o
    0x08001068   0x08001068   0x00000040   Code   RO         1017    i.HAL_InitTick      stm32f1xx_hal.o
    0x080010a8   0x080010a8   0x0000003c   Code   RO          511    i.HAL_MspInit       stm32f1xx_hal_msp.o
    0x080010e4   0x080010e4   0x0000001a   Code   RO         1473    i.HAL_NVIC_EnableIRQ  stm32f1xx_hal_cortex.o
    0x080010fe   0x080010fe   0x00000002   PAD
    0x08001100   0x08001100   0x00000040   Code   RO         1479    i.HAL_NVIC_SetPriority  stm32f1xx_hal_cortex.o
    0x08001140   0x08001140   0x00000024   Code   RO         1480    i.HAL_NVIC_SetPriorityGrouping  stm32f1xx_hal_cortex.o
    0x08001164   0x08001164   0x0000012c   Code   RO         1173    i.HAL_RCC_ClockConfig  stm32f1xx_hal_rcc.o
    0x08001290   0x08001290   0x00000020   Code   RO         1180    i.HAL_RCC_GetPCLK1Freq  stm32f1xx_hal_rcc.o
    0x080012b0   0x080012b0   0x00000020   Code   RO         1181    i.HAL_RCC_GetPCLK2Freq  stm32f1xx_hal_rcc.o
    0x080012d0   0x080012d0   0x00000074   Code   RO         1182    i.HAL_RCC_GetSysClockFreq  stm32f1xx_hal_rcc.o
    0x08001344   0x08001344   0x00000320   Code   RO         1185    i.HAL_RCC_OscConfig  stm32f1xx_hal_rcc.o
    0x08001664   0x08001664   0x00000018   Code   RO         1482    i.HAL_SYSTICK_CLKSourceConfig  stm32f1xx_hal_cortex.o
    0x0800167c   0x0800167c   0x00000028   Code   RO         1484    i.HAL_SYSTICK_Config  stm32f1xx_hal_cortex.o
    0x080016a4   0x080016a4   0x00000002   Code   RO         2030    i.HAL_UART_ErrorCallback  stm32f1xx_hal_uart.o
    0x080016a6   0x080016a6   0x00000002   PAD
    0x080016a8   0x080016a8   0x0000015c   Code   RO         2033    i.HAL_UART_IRQHandler  stm32f1xx_hal_uart.o
    0x08001804   0x08001804   0x00000062   Code   RO         2034    i.HAL_UART_Init     stm32f1xx_hal_uart.o
    0x08001866   0x08001866   0x00000002   PAD
    0x08001868   0x08001868   0x00000080   Code   RO          382    i.HAL_UART_MspInit  usart.o
    0x080018e8   0x080018e8   0x00000002   Code   RO         2040    i.HAL_UART_RxCpltCallback  stm32f1xx_hal_uart.o
    0x080018ea   0x080018ea   0x00000002   PAD
    0x080018ec   0x080018ec   0x000000b2   Code   RO         2042    i.HAL_UART_Transmit  stm32f1xx_hal_uart.o
    0x0800199e   0x0800199e   0x00000002   Code   RO         2045    i.HAL_UART_TxCpltCallback  stm32f1xx_hal_uart.o
    0x080019a0   0x080019a0   0x00000002   Code   RO          431    i.HardFault_Handler  stm32f1xx_it.o
    0x080019a2   0x080019a2   0x0000002e   Code   RO           13    i.IIC_Ack           gpio_iic.o
    0x080019d0   0x080019d0   0x00000030   Code   RO           14    i.IIC_Init          gpio_iic.o
    0x08001a00   0x08001a00   0x0000002e   Code   RO           15    i.IIC_NAck          gpio_iic.o
    0x08001a2e   0x08001a2e   0x0000004a   Code   RO           16    i.IIC_Read_Byte     gpio_iic.o
    0x08001a78   0x08001a78   0x0000003e   Code   RO           17    i.IIC_Read_One_Byte  gpio_iic.o
    0x08001ab6   0x08001ab6   0x0000004a   Code   RO           18    i.IIC_Send_Byte     gpio_iic.o
    0x08001b00   0x08001b00   0x0000002e   Code   RO           19    i.IIC_Start         gpio_iic.o
    0x08001b2e   0x08001b2e   0x0000002e   Code   RO           20    i.IIC_Stop          gpio_iic.o
    0x08001b5c   0x08001b5c   0x00000042   Code   RO           21    i.IIC_Wait_Ack      gpio_iic.o
    0x08001b9e   0x08001b9e   0x00000038   Code   RO           22    i.IIC_Write_One_Byte  gpio_iic.o
    0x08001bd6   0x08001bd6   0x00000002   PAD
    0x08001bd8   0x08001bd8   0x00000070   Code   RO          315    i.MX_GPIO_Init      gpio.o
    0x08001c48   0x08001c48   0x00000040   Code   RO          341    i.MX_I2C1_Init      i2c.o
    0x08001c88   0x08001c88   0x00000038   Code   RO          383    i.MX_USART1_UART_Init  usart.o
    0x08001cc0   0x08001cc0   0x00000002   Code   RO          432    i.MemManage_Handler  stm32f1xx_it.o
    0x08001cc2   0x08001cc2   0x00000002   Code   RO          433    i.NMI_Handler       stm32f1xx_it.o
    0x08001cc4   0x08001cc4   0x00000002   Code   RO          434    i.PendSV_Handler    stm32f1xx_it.o
    0x08001cc6   0x08001cc6   0x00000002   Code   RO          435    i.SVC_Handler       stm32f1xx_it.o
    0x08001cc8   0x08001cc8   0x00000004   Code   RO          436    i.SysTick_Handler   stm32f1xx_it.o
    0x08001ccc   0x08001ccc   0x0000005c   Code   RO          254    i.SystemClock_Config  main.o
    0x08001d28   0x08001d28   0x00000002   Code   RO         2331    i.SystemInit        system_stm32f1xx.o
    0x08001d2a   0x08001d2a   0x00000010   Code   RO         2047    i.UART_DMAAbortOnError  stm32f1xx_hal_uart.o
    0x08001d3a   0x08001d3a   0x0000001c   Code   RO         2057    i.UART_EndRxTransfer  stm32f1xx_hal_uart.o
    0x08001d56   0x08001d56   0x0000008c   Code   RO         2059    i.UART_Receive_IT   stm32f1xx_hal_uart.o
    0x08001de2   0x08001de2   0x00000002   PAD
    0x08001de4   0x08001de4   0x000000b8   Code   RO         2060    i.UART_SetConfig    stm32f1xx_hal_uart.o
    0x08001e9c   0x08001e9c   0x00000064   Code   RO         2061    i.UART_WaitOnFlagUntilTimeout  stm32f1xx_hal_uart.o
    0x08001f00   0x08001f00   0x0000000c   Code   RO          437    i.USART1_IRQHandler  stm32f1xx_it.o
    0x08001f0c   0x08001f0c   0x00000002   Code   RO          438    i.UsageFault_Handler  stm32f1xx_it.o
    0x08001f0e   0x08001f0e   0x00000002   PAD
    0x08001f10   0x08001f10   0x00000020   Code   RO         2824    i.__0printf         mc_w.l(printfa.o)
    0x08001f30   0x08001f30   0x00000028   Code   RO         2884    i.__ARM_fpclassify  m_ws.l(fpclassify.o)
    0x08001f58   0x08001f58   0x00000020   Code   RO         1486    i.__NVIC_SetPriority  stm32f1xx_hal_cortex.o
    0x08001f78   0x08001f78   0x000000aa   Code   RO         2886    i.__kernel_poly     m_ws.l(poly.o)
    0x08002022   0x08002022   0x00000002   PAD
    0x08002024   0x08002024   0x00000010   Code   RO         2870    i.__mathlib_dbl_divzero  m_ws.l(dunder.o)
    0x08002034   0x08002034   0x00000004   Code   RO         2872    i.__mathlib_dbl_infnan2  m_ws.l(dunder.o)
    0x08002038   0x08002038   0x0000000c   Code   RO         2873    i.__mathlib_dbl_invalid  m_ws.l(dunder.o)
    0x08002044   0x08002044   0x0000000e   Code   RO         2874    i.__mathlib_dbl_overflow  m_ws.l(dunder.o)
    0x08002052   0x08002052   0x00000002   PAD
    0x08002054   0x08002054   0x00000010   Code   RO         2876    i.__mathlib_dbl_underflow  m_ws.l(dunder.o)
    0x08002064   0x08002064   0x0000000e   Code   RO         2946    i.__scatterload_copy  mc_w.l(handlers.o)
    0x08002072   0x08002072   0x00000002   Code   RO         2947    i.__scatterload_null  mc_w.l(handlers.o)
    0x08002074   0x08002074   0x0000000e   Code   RO         2948    i.__scatterload_zeroinit  mc_w.l(handlers.o)
    0x08002082   0x08002082   0x00000002   PAD
    0x08002084   0x08002084   0x0000000c   Code   RO         2924    i.__set_errno       mc_w.l(errno.o)
    0x08002090   0x08002090   0x00000184   Code   RO         2831    i._fp_digits        mc_w.l(printfa.o)
    0x08002214   0x08002214   0x000006b4   Code   RO         2832    i._printf_core      mc_w.l(printfa.o)
    0x080028c8   0x080028c8   0x00000024   Code   RO         2833    i._printf_post_padding  mc_w.l(printfa.o)
    0x080028ec   0x080028ec   0x0000002e   Code   RO         2834    i._printf_pre_padding  mc_w.l(printfa.o)
    0x0800291a   0x0800291a   0x00000002   PAD
    0x0800291c   0x0800291c   0x00000014   Code   RO          215    i.delay_init        delay.o
    0x08002930   0x08002930   0x0000001a   Code   RO          216    i.delay_ms          delay.o
    0x0800294a   0x0800294a   0x00000002   PAD
    0x0800294c   0x0800294c   0x00000034   Code   RO          217    i.delay_us          delay.o
    0x08002980   0x08002980   0x00000018   Code   RO          384    i.fputc             usart.o
    0x08002998   0x08002998   0x00000044   Code   RO          255    i.main              main.o
    0x080029dc   0x080029dc   0x00000010   Code   RO           23    i.my_IIC_SCL        gpio_iic.o
    0x080029ec   0x080029ec   0x00000010   Code   RO           24    i.my_IIC_SDA        gpio_iic.o
    0x080029fc   0x080029fc   0x00000010   Code   RO           25    i.my_READ_SDA       gpio_iic.o
    0x08002a0c   0x08002a0c   0x00000024   Code   RO           26    i.my_SDA_IN         gpio_iic.o
    0x08002a30   0x08002a30   0x00000024   Code   RO           27    i.my_SDA_OUT        gpio_iic.o
    0x08002a54   0x08002a54   0x000009d8   Code   RO         2575    i.pow               m_ws.l(pow.o)
    0x0800342c   0x0800342c   0x0000004c   Code   RO         2890    i.sqrt              m_ws.l(sqrt.o)
    0x08003478   0x08003478   0x00000010   Data   RO         2332    .constdata          system_stm32f1xx.o
    0x08003488   0x08003488   0x00000008   Data   RO         2333    .constdata          system_stm32f1xx.o
    0x08003490   0x08003490   0x00000088   Data   RO         2576    .constdata          m_ws.l(pow.o)
    0x08003518   0x08003518   0x00000008   Data   RO         2888    .constdata          m_ws.l(qnan.o)
    0x08003520   0x08003520   0x00000060   Data   RO         2520    .conststring        bmp180.o
    0x08003580   0x08003580   0x00000020   Data   RO         2944    Region$$Table       anon$$obj.o


    Execution Region RW_IRAM1 (Exec base: 0x20000000, Load base: 0x080035a0, Size: 0x00000500, Max: 0x00010000, ABSOLUTE)

    Exec Addr    Load Addr    Size         Type   Attr      Idx    E Section Name        Object

    0x20000000   0x080035a0   0x00000004   Data   RW          218    .data               delay.o
    0x20000004   0x080035a4   0x0000000c   Data   RW         1023    .data               stm32f1xx_hal.o
    0x20000010   0x080035b0   0x00000004   Data   RW         2334    .data               system_stm32f1xx.o
    0x20000014   0x080035b4   0x00000004   Data   RW         2913    .data               mc_w.l(stdout.o)
    0x20000018   0x080035b8   0x00000004   Data   RW         2925    .data               mc_w.l(errno.o)
    0x2000001c        -       0x00000054   Zero   RW          342    .bss                i2c.o
    0x20000070        -       0x00000040   Zero   RW          385    .bss                usart.o
    0x200000b0        -       0x0000004c   Zero   RW         2519    .bss                bmp180.o
    0x200000fc   0x080035bc   0x00000004   PAD
    0x20000100        -       0x00000400   Zero   RW            1    STACK               startup_stm32f103xe.o


==============================================================================

Image component sizes


      Code (inc. data)   RO Data    RW Data    ZI Data      Debug   Object Name

       608         46         96          0         76       4440   bmp180.o
        98          8          0          4          0       1783   delay.o
       112          8          0          0          0        895   gpio.o
       684         54          0          0          0     469756   gpio_iic.o
       172         26          0          0         84       1629   i2c.o
       164         16          0          0          0       1912   main.o
        36          8        304          0       1024        792   startup_stm32f103xe.o
       128         24          0         12          0       5837   stm32f1xx_hal.o
       222         14          0          0          0      29477   stm32f1xx_hal_cortex.o
       304          8          0          0          0       1147   stm32f1xx_hal_dma.o
       524         42          0          0          0       3495   stm32f1xx_hal_gpio.o
       392         16          0          0          0       3063   stm32f1xx_hal_i2c.o
        60          8          0          0          0        850   stm32f1xx_hal_msp.o
      1280        102          0          0          0       5168   stm32f1xx_hal_rcc.o
      1098         10          0          0          0       8595   stm32f1xx_hal_uart.o
        32          6          0          0          0       4218   stm32f1xx_it.o
         2          0         24          4          0       1091   system_stm32f1xx.o
       208         24          0          0         64       2166   usart.o

    ----------------------------------------------------------------------
      6140        420        456         20       1252     546314   Object Totals
         0          0         32          0          0          0   (incl. Generated)
        16          0          0          0          4          0   (incl. Padding)

    ----------------------------------------------------------------------

      Code (inc. data)   RO Data    RW Data    ZI Data      Debug   Library Member Name

        62         10          0          0          0        340   dunder.o
        40          0          0          0          0         68   fpclassify.o
       170          0          0          0          0         96   poly.o
      2520        190        136          0          0        324   pow.o
         0          0          8          0          0          0   qnan.o
        76          0          0          0          0         84   sqrt.o
         0          0          0          0          0          0   entry.o
         0          0          0          0          0          0   entry10a.o
         0          0          0          0          0          0   entry11a.o
         4          0          0          0          0          0   entry12b.o
         8          4          0          0          0          0   entry2.o
         4          0          0          0          0          0   entry5.o
         0          0          0          0          0          0   entry7b.o
         0          0          0          0          0          0   entry8b.o
         8          4          0          0          0          0   entry9a.o
        12          6          0          4          0         68   errno.o
        30          0          0          0          0          0   handlers.o
        36          8          0          0          0         68   init.o
         0          0          0          0          0          0   iusefp.o
        30          0          0          0          0         68   llshl.o
        36          0          0          0          0         68   llsshr.o
        32          0          0          0          0         68   llushr.o
        36          0          0          0          0        108   memseta.o
      2218         90          0          0          0        464   printfa.o
         0          0          0          4          0          0   stdout.o
        44          0          0          0          0         80   uidiv.o
        98          0          0          0          0         92   uldiv.o
        48          0          0          0          0         68   cdrcmple.o
        56          0          0          0          0         88   d2f.o
       334          0          0          0          0        148   dadd.o
       222          0          0          0          0        100   ddiv.o
       186          0          0          0          0        176   depilogue.o
        48          0          0          0          0         68   dfixul.o
        34          0          0          0          0         76   dflti.o
       228          0          0          0          0         96   dmul.o
        46          0          0          0          0         80   dscalb.o
       162          0          0          0          0        100   dsqrt.o
        38          0          0          0          0         68   f2d.o
       110          0          0          0          0        168   fepilogue.o

    ----------------------------------------------------------------------
      6988        312        144          8          0       3232   Library Totals
        12          0          0          0          0          0   (incl. Padding)

    ----------------------------------------------------------------------

      Code (inc. data)   RO Data    RW Data    ZI Data      Debug   Library Name

      2868        200        144          0          0        912   m_ws.l
      2596        112          0          8          0       1084   mc_w.l
      1512          0          0          0          0       1236   mf_w.l

    ----------------------------------------------------------------------
      6988        312        144          8          0       3232   Library Totals

    ----------------------------------------------------------------------

==============================================================================


      Code (inc. data)   RO Data    RW Data    ZI Data      Debug   

     13128        732        600         28       1252     544238   Grand Totals
     13128        732        600         28       1252     544238   ELF Image Totals
     13128        732        600         28          0          0   ROM Totals

==============================================================================

    Total RO  Size (Code + RO Data)                13728 (  13.41kB)
    Total RW  Size (RW Data + ZI Data)              1280 (   1.25kB)
    Total ROM Size (Code + RO Data + RW Data)      13756 (  13.43kB)

==============================================================================

